2026-05-28 22:42:47,905{GMT}	INFO	[jepsen test runner] jepsen.core: Test version 67fea5da5f074150ddf98f21a7751e36dcd1743c (plus uncommitted changes)
2026-05-28 22:42:47,906{GMT}	INFO	[jepsen test runner] jepsen.core: Command line:
lein run test -w broadcast --bin ./run.sh --node-count 5 --time-limit 20 --nemesis partition
2026-05-28 22:42:47,976{GMT}	INFO	[jepsen test runner] jepsen.core: Running test:
{:args []
 :remote
 #jepsen.control.retry.Remote{:remote #jepsen.control.scp.Remote{:cmd-remote #jepsen.control.sshj.SSHJRemote{:concurrency-limit 6,
                                                                                                             :conn-spec nil,
                                                                                                             :client nil,
                                                                                                             :semaphore nil},
                                                                 :conn-spec nil},
                              :conn nil}
 :log-net-send false
 :node-count 5
 :availability nil
 :max-txn-length 4
 :concurrency 5
 :db
 #object[maelstrom.db$db$reify__16142
         "0x797a5b31"
         "maelstrom.db$db$reify__16142@797a5b31"]
 :max-writes-per-key 16
 :leave-db-running? false
 :name "broadcast"
 :logging-json? false
 :start-time
 #object[org.joda.time.DateTime "0x732ffb6a" "2026-05-28T22:42:47.880+03:00"]
 :nemesis-interval 10
 :net
 #object[maelstrom.net$jepsen_net$reify__15251
         "0x5ed83e36"
         "maelstrom.net$jepsen_net$reify__15251@5ed83e36"]
 :client
 #object[maelstrom.workload.broadcast$client$reify__16644
         "0x2459715c"
         "maelstrom.workload.broadcast$client$reify__16644@2459715c"]
 :barrier
 #object[java.util.concurrent.CyclicBarrier
         "0x401e36ab"
         "java.util.concurrent.CyclicBarrier@401e36ab"]
 :log-stderr false
 :pure-generators true
 :ssh {:dummy? true}
 :rate 5
 :checker
 #object[jepsen.checker$compose$reify__11881
         "0x4ce66169"
         "jepsen.checker$compose$reify__11881@4ce66169"]
 :argv
 ("test"
  "-w"
  "broadcast"
  "--bin"
  "./run.sh"
  "--node-count"
  "5"
  "--time-limit"
  "20"
  "--nemesis"
  "partition")
 :nemesis
 (jepsen.nemesis.ReflCompose
  {:fm {:start-partition 0,
        :stop-partition 0,
        :kill 1,
        :start 1,
        :pause 1,
        :resume 1},
   :nemeses [#unprintable "jepsen.nemesis.combined$partition_nemesis$reify__16416@53d0cf4d"
             #unprintable "jepsen.nemesis.combined$db_nemesis$reify__16397@3c6c87fa"]})
 :nodes ["n0" "n1" "n2" "n3" "n4"]
 :test-count 1
 :latency {:mean 0, :dist :constant}
 :bin "./run.sh"
 :generator
 ((jepsen.generator.Synchronize
   {:gen (jepsen.generator.TimeLimit
          {:limit 20000000000,
           :cutoff nil,
           :gen (jepsen.generator.Any
                 {:gens [(jepsen.generator.OnThreads
                          {:f #{:nemesis},
                           :context-filter #object[jepsen.generator.context$make_thread_filter$lazy_filter__9167
                                                   "0x77198cce"
                                                   "jepsen.generator.context$make_thread_filter$lazy_filter__9167@77198cce"],
                           :gen (jepsen.generator.Stagger
                                 {:dt 20000000000,
                                  :next-time nil,
                                  :gen (jepsen.generator.FlipFlop
                                        {:gens [#object[jepsen.nemesis.combined$partition_package$start__16420
                                                        "0xe7b7395"
                                                        "jepsen.nemesis.combined$partition_package$start__16420@e7b7395"]
                                                ({:type :info,
                                                  :f :stop-partition,
                                                  :value nil}
                                                 {:type :info,
                                                  :f :stop-partition,
                                                  :value nil}
                                                 {:type :info,
                                                  :f :stop-partition,
                                                  :value nil}
                                                 {:type :info,
                                                  :f :stop-partition,
                                                  :value nil}
                                                 {:type :info,
                                                  :f :stop-partition,
                                                  :value nil}
                                                 {:type :info,
                                                  :f :stop-partition,
                                                  :value nil}
                                                 {:type :info,
                                                  :f :stop-partition,
                                                  :value nil}
                                                 {:type :info,
                                                  :f :stop-partition,
                                                  :value nil}
                                                 ...)],
                                         :i 0})})})
                         (jepsen.generator.OnThreads
                          {:f #jepsen.generator.context.AllBut{:element :nemesis},
                           :context-filter #object[jepsen.generator.context$make_thread_filter$lazy_filter__9167
                                                   "0x293ccbdd"
                                                   "jepsen.generator.context$make_thread_filter$lazy_filter__9167@293ccbdd"],
                           :gen (jepsen.generator.Stagger
                                 {:dt 400000000,
                                  :next-time nil,
                                  :gen (jepsen.generator.Mix
                                        {:i 0,
                                         :gens [({:f :broadcast, :value 0}
                                                 {:f :broadcast, :value 1}
                                                 {:f :broadcast, :value 2}
                                                 {:f :broadcast, :value 3}
                                                 {:f :broadcast, :value 4}
                                                 {:f :broadcast, :value 5}
                                                 {:f :broadcast, :value 6}
                                                 {:f :broadcast, :value 7}
                                                 ...)
                                                ({:f :read}
                                                 {:f :read}
                                                 {:f :read}
                                                 {:f :read}
                                                 {:f :read}
                                                 {:f :read}
                                                 {:f :read}
                                                 {:f :read}
                                                 ...)]})})})]})})})
  (jepsen.generator.Synchronize
   {:gen (jepsen.generator.OnThreads
          {:f #{:nemesis},
           :context-filter #object[jepsen.generator.context$make_thread_filter$lazy_filter__9167
                                   "0x12f85dc8"
                                   "jepsen.generator.context$make_thread_filter$lazy_filter__9167@12f85dc8"],
           :gen ({:type :info, :f :stop-partition, :value nil})})})
  (jepsen.generator.Synchronize
   {:gen {:type :log, :value "Waiting for recovery..."}})
  (jepsen.generator.Synchronize {:gen {:type :sleep, :value 10}})
  (jepsen.generator.Synchronize
   {:gen (jepsen.generator.OnThreads
          {:f #jepsen.generator.context.AllBut{:element :nemesis},
           :context-filter #object[jepsen.generator.context$make_thread_filter$lazy_filter__9167
                                   "0x474a63d9"
                                   "jepsen.generator.context$make_thread_filter$lazy_filter__9167@474a63d9"],
           :gen (jepsen.generator.EachThread
                 {:fresh-gen {:f :read, :final? true},
                  :context-filters #object[clojure.core$promise$reify__8591
                                           "0x1b8d0c21"
                                           {:status :pending, :val nil}],
                  :gens {}})})}))
 :log-net-recv false
 :os
 #object[maelstrom.net$jepsen_os$reify__15254
         "0x54a04eae"
         "maelstrom.net$jepsen_os$reify__15254@54a04eae"]
 :time-limit 20
 :workload :broadcast
 :consistency-models [:strict-serializable]
 :topology :grid}

2026-05-28 22:42:49,567{GMT}	INFO	[jepsen node n0] maelstrom.net: Starting Maelstrom network
2026-05-28 22:42:49,568{GMT}	INFO	[jepsen test runner] jepsen.db: Tearing down DB
2026-05-28 22:42:49,570{GMT}	INFO	[jepsen test runner] jepsen.db: Setting up DB
2026-05-28 22:42:49,571{GMT}	INFO	[jepsen node n1] maelstrom.db: Setting up n1
2026-05-28 22:42:49,571{GMT}	INFO	[jepsen node n2] maelstrom.db: Setting up n2
2026-05-28 22:42:49,571{GMT}	INFO	[jepsen node n3] maelstrom.db: Setting up n3
2026-05-28 22:42:49,572{GMT}	INFO	[jepsen node n4] maelstrom.db: Setting up n4
2026-05-28 22:42:49,572{GMT}	INFO	[jepsen node n0] maelstrom.service: Starting services: (lin-kv lin-tso lww-kv seq-kv)
2026-05-28 22:42:49,574{GMT}	INFO	[jepsen node n1] maelstrom.process: launching ./run.sh []
2026-05-28 22:42:49,574{GMT}	INFO	[jepsen node n3] maelstrom.process: launching ./run.sh []
2026-05-28 22:42:49,574{GMT}	INFO	[jepsen node n0] maelstrom.db: Setting up n0
2026-05-28 22:42:49,574{GMT}	INFO	[jepsen node n2] maelstrom.process: launching ./run.sh []
2026-05-28 22:42:49,574{GMT}	INFO	[jepsen node n4] maelstrom.process: launching ./run.sh []
2026-05-28 22:42:49,575{GMT}	INFO	[jepsen node n0] maelstrom.process: launching ./run.sh []
2026-05-28 22:42:49,666{GMT}	INFO	[jepsen test runner] jepsen.core: Relative time begins now
2026-05-28 22:42:49,683{GMT}	INFO	[jepsen worker 0] jepsen.util: 0	:invoke	:broadcast	0
2026-05-28 22:42:49,683{GMT}	INFO	[jepsen worker nemesis] jepsen.util: :nemesis	:info	:start-partition	:minority-third
2026-05-28 22:42:49,690{GMT}	INFO	[jepsen worker nemesis] jepsen.util: :nemesis	:info	:start-partition	[:isolated {"n4" #{"n2" "n1" "n0" "n3"}, "n2" #{"n4"}, "n1" #{"n4"}, "n0" #{"n4"}, "n3" #{"n4"}}]
2026-05-28 22:42:49,690{GMT}	INFO	[jepsen worker 0] jepsen.util: 0	:ok	:broadcast	0
2026-05-28 22:42:50,059{GMT}	INFO	[jepsen worker 2] jepsen.util: 2	:invoke	:read	nil
2026-05-28 22:42:50,062{GMT}	INFO	[jepsen worker 2] jepsen.util: 2	:ok	:read	[0]
2026-05-28 22:42:50,139{GMT}	INFO	[jepsen worker 3] jepsen.util: 3	:invoke	:read	nil
2026-05-28 22:42:50,143{GMT}	INFO	[jepsen worker 3] jepsen.util: 3	:ok	:read	[0]
2026-05-28 22:42:50,444{GMT}	INFO	[jepsen worker 4] jepsen.util: 4	:invoke	:read	nil
2026-05-28 22:42:50,447{GMT}	INFO	[jepsen worker 4] jepsen.util: 4	:ok	:read	[]
2026-05-28 22:42:50,518{GMT}	INFO	[jepsen worker 0] jepsen.util: 0	:invoke	:read	nil
2026-05-28 22:42:50,520{GMT}	INFO	[jepsen worker 0] jepsen.util: 0	:ok	:read	[0]
2026-05-28 22:42:50,712{GMT}	INFO	[jepsen worker 0] jepsen.util: 0	:invoke	:broadcast	1
2026-05-28 22:42:50,715{GMT}	INFO	[jepsen worker 0] jepsen.util: 0	:ok	:broadcast	1
2026-05-28 22:42:51,069{GMT}	INFO	[jepsen worker 1] jepsen.util: 1	:invoke	:broadcast	2
2026-05-28 22:42:51,073{GMT}	INFO	[jepsen worker 1] jepsen.util: 1	:ok	:broadcast	2
2026-05-28 22:42:51,078{GMT}	INFO	[jepsen worker 2] jepsen.util: 2	:invoke	:read	nil
2026-05-28 22:42:51,081{GMT}	INFO	[jepsen worker 2] jepsen.util: 2	:ok	:read	[0 1 2]
2026-05-28 22:42:51,211{GMT}	INFO	[jepsen worker 3] jepsen.util: 3	:invoke	:broadcast	3
2026-05-28 22:42:51,214{GMT}	INFO	[jepsen worker 3] jepsen.util: 3	:ok	:broadcast	3
2026-05-28 22:42:51,528{GMT}	INFO	[jepsen worker 4] jepsen.util: 4	:invoke	:broadcast	4
2026-05-28 22:42:51,531{GMT}	INFO	[jepsen worker 4] jepsen.util: 4	:ok	:broadcast	4
2026-05-28 22:42:51,604{GMT}	INFO	[jepsen worker 0] jepsen.util: 0	:invoke	:broadcast	5
2026-05-28 22:42:51,606{GMT}	INFO	[jepsen worker 0] jepsen.util: 0	:ok	:broadcast	5
2026-05-28 22:42:51,997{GMT}	INFO	[jepsen worker 0] jepsen.util: 0	:invoke	:broadcast	6
2026-05-28 22:42:52,000{GMT}	INFO	[jepsen worker 0] jepsen.util: 0	:ok	:broadcast	6
2026-05-28 22:42:52,214{GMT}	INFO	[jepsen worker 1] jepsen.util: 1	:invoke	:broadcast	7
2026-05-28 22:42:52,217{GMT}	INFO	[jepsen worker 1] jepsen.util: 1	:ok	:broadcast	7
2026-05-28 22:42:52,306{GMT}	INFO	[jepsen worker 2] jepsen.util: 2	:invoke	:broadcast	8
2026-05-28 22:42:52,308{GMT}	INFO	[jepsen worker 2] jepsen.util: 2	:ok	:broadcast	8
2026-05-28 22:42:52,596{GMT}	INFO	[jepsen worker 3] jepsen.util: 3	:invoke	:read	nil
2026-05-28 22:42:52,598{GMT}	INFO	[jepsen worker 3] jepsen.util: 3	:ok	:read	[0 1 2 3 5 6 7 8]
2026-05-28 22:42:52,787{GMT}	INFO	[jepsen worker 4] jepsen.util: 4	:invoke	:broadcast	9
2026-05-28 22:42:52,789{GMT}	INFO	[jepsen worker 4] jepsen.util: 4	:ok	:broadcast	9
2026-05-28 22:42:52,995{GMT}	INFO	[jepsen worker 0] jepsen.util: 0	:invoke	:read	nil
2026-05-28 22:42:52,997{GMT}	INFO	[jepsen worker 0] jepsen.util: 0	:ok	:read	[0 1 2 3 5 6 7 8]
2026-05-28 22:42:53,037{GMT}	INFO	[jepsen worker 0] jepsen.util: 0	:invoke	:read	nil
2026-05-28 22:42:53,039{GMT}	INFO	[jepsen worker 0] jepsen.util: 0	:ok	:read	[0 1 2 3 5 6 7 8]
2026-05-28 22:42:53,160{GMT}	INFO	[jepsen worker 1] jepsen.util: 1	:invoke	:read	nil
2026-05-28 22:42:53,162{GMT}	INFO	[jepsen worker 1] jepsen.util: 1	:ok	:read	[0 1 2 3 5 6 7 8]
2026-05-28 22:42:53,308{GMT}	INFO	[jepsen worker 2] jepsen.util: 2	:invoke	:read	nil
2026-05-28 22:42:53,309{GMT}	INFO	[jepsen worker 2] jepsen.util: 2	:ok	:read	[0 1 2 3 5 6 7 8]
2026-05-28 22:42:53,373{GMT}	INFO	[jepsen worker 3] jepsen.util: 3	:invoke	:broadcast	10
2026-05-28 22:42:53,375{GMT}	INFO	[jepsen worker 3] jepsen.util: 3	:ok	:broadcast	10
2026-05-28 22:42:53,529{GMT}	INFO	[jepsen worker 4] jepsen.util: 4	:invoke	:broadcast	11
2026-05-28 22:42:53,532{GMT}	INFO	[jepsen worker 4] jepsen.util: 4	:ok	:broadcast	11
2026-05-28 22:42:53,806{GMT}	INFO	[jepsen worker 0] jepsen.util: 0	:invoke	:broadcast	12
2026-05-28 22:42:53,808{GMT}	INFO	[jepsen worker 0] jepsen.util: 0	:ok	:broadcast	12
2026-05-28 22:42:53,972{GMT}	INFO	[jepsen worker 0] jepsen.util: 0	:invoke	:broadcast	13
2026-05-28 22:42:53,974{GMT}	INFO	[jepsen worker 0] jepsen.util: 0	:ok	:broadcast	13
2026-05-28 22:42:54,154{GMT}	INFO	[jepsen worker 1] jepsen.util: 1	:invoke	:read	nil
2026-05-28 22:42:54,156{GMT}	INFO	[jepsen worker 1] jepsen.util: 1	:ok	:read	[0 1 2 3 5 6 7 8 10 12 13]
2026-05-28 22:42:54,301{GMT}	INFO	[jepsen worker 2] jepsen.util: 2	:invoke	:read	nil
2026-05-28 22:42:54,302{GMT}	INFO	[jepsen worker 2] jepsen.util: 2	:ok	:read	[0 1 2 3 5 6 7 8 10 12 13]
2026-05-28 22:42:54,645{GMT}	INFO	[jepsen worker 3] jepsen.util: 3	:invoke	:broadcast	14
2026-05-28 22:42:54,647{GMT}	INFO	[jepsen worker 3] jepsen.util: 3	:ok	:broadcast	14
2026-05-28 22:42:54,919{GMT}	INFO	[jepsen worker 4] jepsen.util: 4	:invoke	:read	nil
2026-05-28 22:42:54,921{GMT}	INFO	[jepsen worker 4] jepsen.util: 4	:ok	:read	[4 9 11]
2026-05-28 22:42:55,029{GMT}	INFO	[jepsen worker 0] jepsen.util: 0	:invoke	:read	nil
2026-05-28 22:42:55,031{GMT}	INFO	[jepsen worker 0] jepsen.util: 0	:ok	:read	[0 1 2 3 5 6 7 8 10 12 13 14]
2026-05-28 22:42:55,042{GMT}	INFO	[jepsen worker 0] jepsen.util: 0	:invoke	:read	nil
2026-05-28 22:42:55,044{GMT}	INFO	[jepsen worker 0] jepsen.util: 0	:ok	:read	[0 1 2 3 5 6 7 8 10 12 13 14]
2026-05-28 22:42:55,065{GMT}	INFO	[jepsen worker 1] jepsen.util: 1	:invoke	:broadcast	15
2026-05-28 22:42:55,069{GMT}	INFO	[jepsen worker 1] jepsen.util: 1	:ok	:broadcast	15
2026-05-28 22:42:55,079{GMT}	INFO	[jepsen worker 2] jepsen.util: 2	:invoke	:read	nil
2026-05-28 22:42:55,081{GMT}	INFO	[jepsen worker 2] jepsen.util: 2	:ok	:read	[0 1 2 3 5 6 7 8 10 12 13 14 15]
2026-05-28 22:42:55,183{GMT}	INFO	[jepsen worker 3] jepsen.util: 3	:invoke	:read	nil
2026-05-28 22:42:55,185{GMT}	INFO	[jepsen worker 3] jepsen.util: 3	:ok	:read	[0 1 2 3 5 6 7 8 10 12 13 14 15]
2026-05-28 22:42:55,536{GMT}	INFO	[jepsen worker 4] jepsen.util: 4	:invoke	:broadcast	16
2026-05-28 22:42:55,538{GMT}	INFO	[jepsen worker 4] jepsen.util: 4	:ok	:broadcast	16
2026-05-28 22:42:55,593{GMT}	INFO	[jepsen worker nemesis] jepsen.util: :nemesis	:info	:stop-partition	nil
2026-05-28 22:42:55,593{GMT}	INFO	[jepsen worker nemesis] jepsen.util: :nemesis	:info	:stop-partition	:network-healed
2026-05-28 22:42:55,676{GMT}	INFO	[jepsen worker 0] jepsen.util: 0	:invoke	:broadcast	17
2026-05-28 22:42:55,678{GMT}	INFO	[jepsen worker 0] jepsen.util: 0	:ok	:broadcast	17
2026-05-28 22:42:56,042{GMT}	INFO	[jepsen worker 1] jepsen.util: 1	:invoke	:read	nil
2026-05-28 22:42:56,044{GMT}	INFO	[jepsen worker 1] jepsen.util: 1	:ok	:read	[0 1 2 3 5 6 7 8 10 12 13 14 15 17]
2026-05-28 22:42:56,364{GMT}	INFO	[jepsen worker 2] jepsen.util: 2	:invoke	:broadcast	18
2026-05-28 22:42:56,366{GMT}	INFO	[jepsen worker 2] jepsen.util: 2	:ok	:broadcast	18
2026-05-28 22:42:56,651{GMT}	INFO	[jepsen worker 3] jepsen.util: 3	:invoke	:broadcast	19
2026-05-28 22:42:56,653{GMT}	INFO	[jepsen worker 3] jepsen.util: 3	:ok	:broadcast	19
2026-05-28 22:42:56,708{GMT}	INFO	[jepsen worker 4] jepsen.util: 4	:invoke	:read	nil
2026-05-28 22:42:56,710{GMT}	INFO	[jepsen worker 4] jepsen.util: 4	:ok	:read	[4 9 11 16 17 18 19]
2026-05-28 22:42:56,829{GMT}	INFO	[jepsen worker 0] jepsen.util: 0	:invoke	:broadcast	20
2026-05-28 22:42:56,831{GMT}	INFO	[jepsen worker 0] jepsen.util: 0	:ok	:broadcast	20
2026-05-28 22:42:57,041{GMT}	INFO	[jepsen worker 0] jepsen.util: 0	:invoke	:read	nil
2026-05-28 22:42:57,043{GMT}	INFO	[jepsen worker 0] jepsen.util: 0	:ok	:read	[0 1 2 3 5 6 7 8 10 12 13 14 15 17 18 19 20]
2026-05-28 22:42:57,394{GMT}	INFO	[jepsen worker 1] jepsen.util: 1	:invoke	:broadcast	21
2026-05-28 22:42:57,396{GMT}	INFO	[jepsen worker 1] jepsen.util: 1	:ok	:broadcast	21
2026-05-28 22:42:57,431{GMT}	INFO	[jepsen worker 2] jepsen.util: 2	:invoke	:broadcast	22
2026-05-28 22:42:57,432{GMT}	INFO	[jepsen worker 2] jepsen.util: 2	:ok	:broadcast	22
2026-05-28 22:42:57,474{GMT}	INFO	[jepsen worker 3] jepsen.util: 3	:invoke	:broadcast	23
2026-05-28 22:42:57,476{GMT}	INFO	[jepsen worker 3] jepsen.util: 3	:ok	:broadcast	23
2026-05-28 22:42:57,843{GMT}	INFO	[jepsen worker 4] jepsen.util: 4	:invoke	:read	nil
2026-05-28 22:42:57,845{GMT}	INFO	[jepsen worker 4] jepsen.util: 4	:ok	:read	[4 9 11 16 17 18 19 20 21 22 23]
2026-05-28 22:42:58,126{GMT}	INFO	[jepsen worker 0] jepsen.util: 0	:invoke	:broadcast	24
2026-05-28 22:42:58,128{GMT}	INFO	[jepsen worker 0] jepsen.util: 0	:ok	:broadcast	24
2026-05-28 22:42:58,449{GMT}	INFO	[jepsen worker 0] jepsen.util: 0	:invoke	:broadcast	25
2026-05-28 22:42:58,451{GMT}	INFO	[jepsen worker 0] jepsen.util: 0	:ok	:broadcast	25
2026-05-28 22:42:58,825{GMT}	INFO	[jepsen worker 1] jepsen.util: 1	:invoke	:broadcast	26
2026-05-28 22:42:58,827{GMT}	INFO	[jepsen worker 1] jepsen.util: 1	:ok	:broadcast	26
2026-05-28 22:42:59,043{GMT}	INFO	[jepsen worker 2] jepsen.util: 2	:invoke	:broadcast	27
2026-05-28 22:42:59,045{GMT}	INFO	[jepsen worker 2] jepsen.util: 2	:ok	:broadcast	27
2026-05-28 22:42:59,318{GMT}	INFO	[jepsen worker 3] jepsen.util: 3	:invoke	:broadcast	28
2026-05-28 22:42:59,320{GMT}	INFO	[jepsen worker 3] jepsen.util: 3	:ok	:broadcast	28
2026-05-28 22:42:59,599{GMT}	INFO	[jepsen worker 4] jepsen.util: 4	:invoke	:broadcast	29
2026-05-28 22:42:59,601{GMT}	INFO	[jepsen worker 4] jepsen.util: 4	:ok	:broadcast	29
2026-05-28 22:42:59,613{GMT}	INFO	[jepsen worker 0] jepsen.util: 0	:invoke	:read	nil
2026-05-28 22:42:59,614{GMT}	INFO	[jepsen worker 0] jepsen.util: 0	:ok	:read	[0 1 2 3 5 6 7 8 10 12 13 14 15 17 18 19 20 21 22 23 24 25 26 27 28 29]
2026-05-28 22:42:59,651{GMT}	INFO	[jepsen worker 0] jepsen.util: 0	:invoke	:broadcast	30
2026-05-28 22:42:59,652{GMT}	INFO	[jepsen worker 0] jepsen.util: 0	:ok	:broadcast	30
2026-05-28 22:43:00,043{GMT}	INFO	[jepsen worker 1] jepsen.util: 1	:invoke	:broadcast	31
2026-05-28 22:43:00,045{GMT}	INFO	[jepsen worker 1] jepsen.util: 1	:ok	:broadcast	31
2026-05-28 22:43:00,094{GMT}	INFO	[jepsen worker 2] jepsen.util: 2	:invoke	:broadcast	32
2026-05-28 22:43:00,096{GMT}	INFO	[jepsen worker 2] jepsen.util: 2	:ok	:broadcast	32
2026-05-28 22:43:00,210{GMT}	INFO	[jepsen worker 3] jepsen.util: 3	:invoke	:read	nil
2026-05-28 22:43:00,211{GMT}	INFO	[jepsen worker 3] jepsen.util: 3	:ok	:read	[0 1 2 3 5 6 7 8 10 12 13 14 15 17 18 19 20 21 22 23 24 25 26 27 28 29 30 31 32]
2026-05-28 22:43:00,224{GMT}	INFO	[jepsen worker 4] jepsen.util: 4	:invoke	:read	nil
2026-05-28 22:43:00,225{GMT}	INFO	[jepsen worker 4] jepsen.util: 4	:ok	:read	[4 9 11 16 17 18 19 20 21 22 23 24 25 26 27 28 29 30 31 32]
2026-05-28 22:43:00,370{GMT}	INFO	[jepsen worker 0] jepsen.util: 0	:invoke	:read	nil
2026-05-28 22:43:00,371{GMT}	INFO	[jepsen worker 0] jepsen.util: 0	:ok	:read	[0 1 2 3 5 6 7 8 10 12 13 14 15 17 18 19 20 21 22 23 24 25 26 27 28 29 30 31 32]
2026-05-28 22:43:00,374{GMT}	INFO	[jepsen worker 0] jepsen.util: 0	:invoke	:read	nil
2026-05-28 22:43:00,375{GMT}	INFO	[jepsen worker 0] jepsen.util: 0	:ok	:read	[0 1 2 3 5 6 7 8 10 12 13 14 15 17 18 19 20 21 22 23 24 25 26 27 28 29 30 31 32]
2026-05-28 22:43:00,667{GMT}	INFO	[jepsen worker 1] jepsen.util: 1	:invoke	:read	nil
2026-05-28 22:43:00,668{GMT}	INFO	[jepsen worker 1] jepsen.util: 1	:ok	:read	[0 1 2 3 5 6 7 8 10 12 13 14 15 17 18 19 20 21 22 23 24 25 26 27 28 29 30 31 32]
2026-05-28 22:43:00,887{GMT}	INFO	[jepsen worker 2] jepsen.util: 2	:invoke	:read	nil
2026-05-28 22:43:00,889{GMT}	INFO	[jepsen worker 2] jepsen.util: 2	:ok	:read	[0 1 2 3 5 6 7 8 10 12 13 14 15 17 18 19 20 21 22 23 24 25 26 27 28 29 30 31 32]
2026-05-28 22:43:01,280{GMT}	INFO	[jepsen worker 3] jepsen.util: 3	:invoke	:broadcast	33
2026-05-28 22:43:01,283{GMT}	INFO	[jepsen worker 3] jepsen.util: 3	:ok	:broadcast	33
2026-05-28 22:43:01,345{GMT}	INFO	[jepsen worker 4] jepsen.util: 4	:invoke	:broadcast	34
2026-05-28 22:43:01,349{GMT}	INFO	[jepsen worker 4] jepsen.util: 4	:ok	:broadcast	34
2026-05-28 22:43:01,445{GMT}	INFO	[jepsen worker 0] jepsen.util: 0	:invoke	:broadcast	35
2026-05-28 22:43:01,447{GMT}	INFO	[jepsen worker 0] jepsen.util: 0	:ok	:broadcast	35
2026-05-28 22:43:01,787{GMT}	INFO	[jepsen worker 0] jepsen.util: 0	:invoke	:read	nil
2026-05-28 22:43:01,788{GMT}	INFO	[jepsen worker 0] jepsen.util: 0	:ok	:read	[0 1 2 3 5 6 7 8 10 12 13 14 15 17 18 19 20 21 22 23 24 25 26 27 28 29 30 31 32 33 34 35]
2026-05-28 22:43:02,031{GMT}	INFO	[jepsen worker 1] jepsen.util: 1	:invoke	:broadcast	36
2026-05-28 22:43:02,032{GMT}	INFO	[jepsen worker 1] jepsen.util: 1	:ok	:broadcast	36
2026-05-28 22:43:02,254{GMT}	INFO	[jepsen worker 2] jepsen.util: 2	:invoke	:read	nil
2026-05-28 22:43:02,255{GMT}	INFO	[jepsen worker 2] jepsen.util: 2	:ok	:read	[0 1 2 3 5 6 7 8 10 12 13 14 15 17 18 19 20 21 22 23 24 25 26 27 28 29 30 31 32 33 34 35 36]
2026-05-28 22:43:02,627{GMT}	INFO	[jepsen worker 3] jepsen.util: 3	:invoke	:read	nil
2026-05-28 22:43:02,629{GMT}	INFO	[jepsen worker 3] jepsen.util: 3	:ok	:read	[0 1 2 3 5 6 7 8 10 12 13 14 15 17 18 19 20 21 22 23 24 25 26 27 28 29 30 31 32 33 34 35 36]
2026-05-28 22:43:02,901{GMT}	INFO	[jepsen worker 4] jepsen.util: 4	:invoke	:broadcast	37
2026-05-28 22:43:02,903{GMT}	INFO	[jepsen worker 4] jepsen.util: 4	:ok	:broadcast	37
2026-05-28 22:43:03,288{GMT}	INFO	[jepsen worker 0] jepsen.util: 0	:invoke	:broadcast	38
2026-05-28 22:43:03,290{GMT}	INFO	[jepsen worker 0] jepsen.util: 0	:ok	:broadcast	38
2026-05-28 22:43:03,595{GMT}	INFO	[jepsen worker 0] jepsen.util: 0	:invoke	:read	nil
2026-05-28 22:43:03,596{GMT}	INFO	[jepsen worker 0] jepsen.util: 0	:ok	:read	[0 1 2 3 5 6 7 8 10 12 13 14 15 17 18 19 20 21 22 23 24 25 26 27 28 29 30 31 32 33 34 35 36 37 38]
2026-05-28 22:43:03,810{GMT}	INFO	[jepsen worker 1] jepsen.util: 1	:invoke	:read	nil
2026-05-28 22:43:03,811{GMT}	INFO	[jepsen worker 1] jepsen.util: 1	:ok	:read	[0 1 2 3 5 6 7 8 10 12 13 14 15 17 18 19 20 21 22 23 24 25 26 27 28 29 30 31 32 33 34 35 36 37 38]
2026-05-28 22:43:03,979{GMT}	INFO	[jepsen worker 2] jepsen.util: 2	:invoke	:broadcast	39
2026-05-28 22:43:03,981{GMT}	INFO	[jepsen worker 2] jepsen.util: 2	:ok	:broadcast	39
2026-05-28 22:43:04,247{GMT}	INFO	[jepsen worker 3] jepsen.util: 3	:invoke	:broadcast	40
2026-05-28 22:43:04,249{GMT}	INFO	[jepsen worker 3] jepsen.util: 3	:ok	:broadcast	40
2026-05-28 22:43:04,507{GMT}	INFO	[jepsen worker 4] jepsen.util: 4	:invoke	:broadcast	41
2026-05-28 22:43:04,508{GMT}	INFO	[jepsen worker 4] jepsen.util: 4	:ok	:broadcast	41
2026-05-28 22:43:04,874{GMT}	INFO	[jepsen worker 0] jepsen.util: 0	:invoke	:broadcast	42
2026-05-28 22:43:04,875{GMT}	INFO	[jepsen worker 0] jepsen.util: 0	:ok	:broadcast	42
2026-05-28 22:43:04,978{GMT}	INFO	[jepsen worker 0] jepsen.util: 0	:invoke	:broadcast	43
2026-05-28 22:43:04,979{GMT}	INFO	[jepsen worker 0] jepsen.util: 0	:ok	:broadcast	43
2026-05-28 22:43:05,306{GMT}	INFO	[jepsen worker 1] jepsen.util: 1	:invoke	:read	nil
2026-05-28 22:43:05,307{GMT}	INFO	[jepsen worker 1] jepsen.util: 1	:ok	:read	[0 1 2 3 5 6 7 8 10 12 13 14 15 17 18 19 20 21 22 23 24 25 26 27 28 29 30 31 32 33 34 35 36 37 38 39 40 41 42 43]
2026-05-28 22:43:05,699{GMT}	INFO	[jepsen worker 2] jepsen.util: 2	:invoke	:broadcast	44
2026-05-28 22:43:05,701{GMT}	INFO	[jepsen worker 2] jepsen.util: 2	:ok	:broadcast	44
2026-05-28 22:43:06,061{GMT}	INFO	[jepsen worker 3] jepsen.util: 3	:invoke	:read	nil
2026-05-28 22:43:06,063{GMT}	INFO	[jepsen worker 3] jepsen.util: 3	:ok	:read	[0 1 2 3 5 6 7 8 10 12 13 14 15 17 18 19 20 21 22 23 24 25 26 27 28 29 30 31 32 33 34 35 36 37 38 39 40 41 42 43 44]
2026-05-28 22:43:06,091{GMT}	INFO	[jepsen worker 4] jepsen.util: 4	:invoke	:read	nil
2026-05-28 22:43:06,092{GMT}	INFO	[jepsen worker 4] jepsen.util: 4	:ok	:read	[4 9 11 16 17 18 19 20 21 22 23 24 25 26 27 28 29 30 31 32 33 34 35 36 37 38 39 40 41 42 43 44]
2026-05-28 22:43:06,420{GMT}	INFO	[jepsen worker 0] jepsen.util: 0	:invoke	:broadcast	45
2026-05-28 22:43:06,422{GMT}	INFO	[jepsen worker 0] jepsen.util: 0	:ok	:broadcast	45
2026-05-28 22:43:06,472{GMT}	INFO	[jepsen worker 0] jepsen.util: 0	:invoke	:read	nil
2026-05-28 22:43:06,473{GMT}	INFO	[jepsen worker 0] jepsen.util: 0	:ok	:read	[0 1 2 3 5 6 7 8 10 12 13 14 15 17 18 19 20 21 22 23 24 25 26 27 28 29 30 31 32 33 34 35 36 37 38 39 40 41 42 43 44 45]
2026-05-28 22:43:06,540{GMT}	INFO	[jepsen worker 1] jepsen.util: 1	:invoke	:read	nil
2026-05-28 22:43:06,541{GMT}	INFO	[jepsen worker 1] jepsen.util: 1	:ok	:read	[0 1 2 3 5 6 7 8 10 12 13 14 15 17 18 19 20 21 22 23 24 25 26 27 28 29 30 31 32 33 34 35 36 37 38 39 40 41 42 43 44 45]
2026-05-28 22:43:06,860{GMT}	INFO	[jepsen worker 2] jepsen.util: 2	:invoke	:broadcast	46
2026-05-28 22:43:06,862{GMT}	INFO	[jepsen worker 2] jepsen.util: 2	:ok	:broadcast	46
2026-05-28 22:43:06,915{GMT}	INFO	[jepsen worker 3] jepsen.util: 3	:invoke	:broadcast	47
2026-05-28 22:43:06,917{GMT}	INFO	[jepsen worker 3] jepsen.util: 3	:ok	:broadcast	47
2026-05-28 22:43:06,970{GMT}	INFO	[jepsen worker 4] jepsen.util: 4	:invoke	:broadcast	48
2026-05-28 22:43:06,971{GMT}	INFO	[jepsen worker 4] jepsen.util: 4	:ok	:broadcast	48
2026-05-28 22:43:07,013{GMT}	INFO	[jepsen worker 0] jepsen.util: 0	:invoke	:broadcast	49
2026-05-28 22:43:07,016{GMT}	INFO	[jepsen worker 0] jepsen.util: 0	:ok	:broadcast	49
2026-05-28 22:43:07,224{GMT}	INFO	[jepsen worker 0] jepsen.util: 0	:invoke	:read	nil
2026-05-28 22:43:07,226{GMT}	INFO	[jepsen worker 0] jepsen.util: 0	:ok	:read	[0 1 2 3 5 6 7 8 10 12 13 14 15 17 18 19 20 21 22 23 24 25 26 27 28 29 30 31 32 33 34 35 36 37 38 39 40 41 42 43 44 45 46 47 48 49]
2026-05-28 22:43:07,554{GMT}	INFO	[jepsen worker 1] jepsen.util: 1	:invoke	:read	nil
2026-05-28 22:43:07,556{GMT}	INFO	[jepsen worker 1] jepsen.util: 1	:ok	:read	[0 1 2 3 5 6 7 8 10 12 13 14 15 17 18 19 20 21 22 23 24 25 26 27 28 29 30 31 32 33 34 35 36 37 38 39 40 41 42 43 44 45 46 47 48 49]
2026-05-28 22:43:07,799{GMT}	INFO	[jepsen worker 2] jepsen.util: 2	:invoke	:broadcast	50
2026-05-28 22:43:07,800{GMT}	INFO	[jepsen worker 2] jepsen.util: 2	:ok	:broadcast	50
2026-05-28 22:43:07,966{GMT}	INFO	[jepsen worker 3] jepsen.util: 3	:invoke	:broadcast	51
2026-05-28 22:43:07,967{GMT}	INFO	[jepsen worker 3] jepsen.util: 3	:ok	:broadcast	51
2026-05-28 22:43:08,310{GMT}	INFO	[jepsen worker 4] jepsen.util: 4	:invoke	:broadcast	52
2026-05-28 22:43:08,311{GMT}	INFO	[jepsen worker 4] jepsen.util: 4	:ok	:broadcast	52
2026-05-28 22:43:08,424{GMT}	INFO	[jepsen worker 0] jepsen.util: 0	:invoke	:broadcast	53
2026-05-28 22:43:08,425{GMT}	INFO	[jepsen worker 0] jepsen.util: 0	:ok	:broadcast	53
2026-05-28 22:43:08,709{GMT}	INFO	[jepsen worker 0] jepsen.util: 0	:invoke	:read	nil
2026-05-28 22:43:08,711{GMT}	INFO	[jepsen worker 0] jepsen.util: 0	:ok	:read	[0 1 2 3 5 6 7 8 10 12 13 14 15 17 18 19 20 21 22 23 24 25 26 27 28 29 30 31 32 33 34 35 36 37 38 39 40 41 42 43 44 45 46 47 48 49 50 51 52 53]
2026-05-28 22:43:08,905{GMT}	INFO	[jepsen worker 1] jepsen.util: 1	:invoke	:read	nil
2026-05-28 22:43:08,907{GMT}	INFO	[jepsen worker 1] jepsen.util: 1	:ok	:read	[0 1 2 3 5 6 7 8 10 12 13 14 15 17 18 19 20 21 22 23 24 25 26 27 28 29 30 31 32 33 34 35 36 37 38 39 40 41 42 43 44 45 46 47 48 49 50 51 52 53]
2026-05-28 22:43:09,102{GMT}	INFO	[jepsen worker 2] jepsen.util: 2	:invoke	:read	nil
2026-05-28 22:43:09,104{GMT}	INFO	[jepsen worker 2] jepsen.util: 2	:ok	:read	[0 1 2 3 5 6 7 8 10 12 13 14 15 17 18 19 20 21 22 23 24 25 26 27 28 29 30 31 32 33 34 35 36 37 38 39 40 41 42 43 44 45 46 47 48 49 50 51 52 53]
2026-05-28 22:43:09,124{GMT}	INFO	[jepsen worker 3] jepsen.util: 3	:invoke	:broadcast	54
2026-05-28 22:43:09,126{GMT}	INFO	[jepsen worker 3] jepsen.util: 3	:ok	:broadcast	54
2026-05-28 22:43:09,242{GMT}	INFO	[jepsen worker 4] jepsen.util: 4	:invoke	:broadcast	55
2026-05-28 22:43:09,243{GMT}	INFO	[jepsen worker 4] jepsen.util: 4	:ok	:broadcast	55
2026-05-28 22:43:09,256{GMT}	INFO	[jepsen worker 0] jepsen.util: 0	:invoke	:read	nil
2026-05-28 22:43:09,258{GMT}	INFO	[jepsen worker 0] jepsen.util: 0	:ok	:read	[0 1 2 3 5 6 7 8 10 12 13 14 15 17 18 19 20 21 22 23 24 25 26 27 28 29 30 31 32 33 34 35 36 37 38 39 40 41 42 43 44 45 46 47 48 49 50 51 52 53 54 55]
2026-05-28 22:43:09,474{GMT}	INFO	[jepsen worker 0] jepsen.util: 0	:invoke	:broadcast	56
2026-05-28 22:43:09,476{GMT}	INFO	[jepsen worker 0] jepsen.util: 0	:ok	:broadcast	56
2026-05-28 22:43:09,525{GMT}	INFO	[jepsen worker 1] jepsen.util: 1	:invoke	:read	nil
2026-05-28 22:43:09,526{GMT}	INFO	[jepsen worker 1] jepsen.util: 1	:ok	:read	[0 1 2 3 5 6 7 8 10 12 13 14 15 17 18 19 20 21 22 23 24 25 26 27 28 29 30 31 32 33 34 35 36 37 38 39 40 41 42 43 44 45 46 47 48 49 50 51 52 53 54 55 56]
2026-05-28 22:43:09,527{GMT}	INFO	[jepsen worker nemesis] jepsen.util: :nemesis	:info	:stop-partition	nil
2026-05-28 22:43:09,527{GMT}	INFO	[jepsen worker nemesis] jepsen.util: :nemesis	:info	:stop-partition	:network-healed
2026-05-28 22:43:09,527{GMT}	INFO	[jepsen worker 3] jepsen.generator.interpreter: Waiting for recovery...
2026-05-28 22:43:19,527{GMT}	INFO	[jepsen worker 0] jepsen.util: 0	:invoke	:read	nil
2026-05-28 22:43:19,527{GMT}	INFO	[jepsen worker 1] jepsen.util: 1	:invoke	:read	nil
2026-05-28 22:43:19,527{GMT}	INFO	[jepsen worker 3] jepsen.util: 3	:invoke	:read	nil
2026-05-28 22:43:19,528{GMT}	INFO	[jepsen worker 4] jepsen.util: 4	:invoke	:read	nil
2026-05-28 22:43:19,528{GMT}	INFO	[jepsen worker 2] jepsen.util: 2	:invoke	:read	nil
2026-05-28 22:43:19,529{GMT}	INFO	[jepsen worker 3] jepsen.util: 3	:ok	:read	[0 1 2 3 5 6 7 8 10 12 13 14 15 17 18 19 20 21 22 23 24 25 26 27 28 29 30 31 32 33 34 35 36 37 38 39 40 41 42 43 44 45 46 47 48 49 50 51 52 53 54 55 56]
2026-05-28 22:43:19,529{GMT}	INFO	[jepsen worker 1] jepsen.util: 1	:ok	:read	[0 1 2 3 5 6 7 8 10 12 13 14 15 17 18 19 20 21 22 23 24 25 26 27 28 29 30 31 32 33 34 35 36 37 38 39 40 41 42 43 44 45 46 47 48 49 50 51 52 53 54 55 56]
2026-05-28 22:43:19,529{GMT}	INFO	[jepsen worker 2] jepsen.util: 2	:ok	:read	[0 1 2 3 5 6 7 8 10 12 13 14 15 17 18 19 20 21 22 23 24 25 26 27 28 29 30 31 32 33 34 35 36 37 38 39 40 41 42 43 44 45 46 47 48 49 50 51 52 53 54 55 56]
2026-05-28 22:43:19,529{GMT}	INFO	[jepsen worker 0] jepsen.util: 0	:ok	:read	[0 1 2 3 5 6 7 8 10 12 13 14 15 17 18 19 20 21 22 23 24 25 26 27 28 29 30 31 32 33 34 35 36 37 38 39 40 41 42 43 44 45 46 47 48 49 50 51 52 53 54 55 56]
2026-05-28 22:43:19,530{GMT}	INFO	[jepsen worker 4] jepsen.util: 4	:ok	:read	[4 9 11 16 17 18 19 20 21 22 23 24 25 26 27 28 29 30 31 32 33 34 35 36 37 38 39 40 41 42 43 44 45 46 47 48 49 50 51 52 53 54 55 56]
2026-05-28 22:43:19,553{GMT}	INFO	[jepsen test runner] jepsen.core: Run complete, writing
2026-05-28 22:43:19,591{GMT}	INFO	[jepsen node n0] maelstrom.db: Tearing down n0
2026-05-28 22:43:19,591{GMT}	INFO	[jepsen node n2] maelstrom.db: Tearing down n2
2026-05-28 22:43:19,591{GMT}	INFO	[jepsen node n3] maelstrom.db: Tearing down n3
2026-05-28 22:43:19,592{GMT}	INFO	[jepsen node n4] maelstrom.db: Tearing down n4
2026-05-28 22:43:19,592{GMT}	INFO	[jepsen node n1] maelstrom.db: Tearing down n1
