2026-05-28 22:34:38,242{GMT}	INFO	[jepsen test runner] jepsen.core: Test version 67fea5da5f074150ddf98f21a7751e36dcd1743c (plus uncommitted changes)
2026-05-28 22:34:38,243{GMT}	INFO	[jepsen test runner] jepsen.core: Command line:
lein run test -w broadcast --bin ./run.sh --node-count 3 --time-limit 10
2026-05-28 22:34:38,332{GMT}	INFO	[jepsen test runner] jepsen.core: Running test:
{:args []
 :remote
 #jepsen.control.retry.Remote{:remote #jepsen.control.scp.Remote{:cmd-remote #jepsen.control.sshj.SSHJRemote{:concurrency-limit 6,
                                                                                                             :conn-spec nil,
                                                                                                             :client nil,
                                                                                                             :semaphore nil},
                                                                 :conn-spec nil},
                              :conn nil}
 :log-net-send false
 :node-count 3
 :availability nil
 :max-txn-length 4
 :concurrency 3
 :db
 #object[maelstrom.db$db$reify__16142
         "0x797a5b31"
         "maelstrom.db$db$reify__16142@797a5b31"]
 :max-writes-per-key 16
 :leave-db-running? false
 :name "broadcast"
 :logging-json? false
 :start-time
 #object[org.joda.time.DateTime "0x732ffb6a" "2026-05-28T22:34:38.216+03:00"]
 :nemesis-interval 10
 :net
 #object[maelstrom.net$jepsen_net$reify__15251
         "0x5ed83e36"
         "maelstrom.net$jepsen_net$reify__15251@5ed83e36"]
 :client
 #object[maelstrom.workload.broadcast$client$reify__16644
         "0x2459715c"
         "maelstrom.workload.broadcast$client$reify__16644@2459715c"]
 :barrier
 #object[java.util.concurrent.CyclicBarrier
         "0x401e36ab"
         "java.util.concurrent.CyclicBarrier@401e36ab"]
 :log-stderr false
 :pure-generators true
 :ssh {:dummy? true}
 :rate 5
 :checker
 #object[jepsen.checker$compose$reify__11881
         "0x4ce66169"
         "jepsen.checker$compose$reify__11881@4ce66169"]
 :argv
 ("test"
  "-w"
  "broadcast"
  "--bin"
  "./run.sh"
  "--node-count"
  "3"
  "--time-limit"
  "10")
 :nemesis
 (jepsen.nemesis.ReflCompose
  {:fm {:start-partition 0,
        :stop-partition 0,
        :kill 1,
        :start 1,
        :pause 1,
        :resume 1},
   :nemeses [#unprintable "jepsen.nemesis.combined$partition_nemesis$reify__16416@53d0cf4d"
             #unprintable "jepsen.nemesis.combined$db_nemesis$reify__16397@3c6c87fa"]})
 :nodes ["n0" "n1" "n2"]
 :test-count 1
 :latency {:mean 0, :dist :constant}
 :bin "./run.sh"
 :generator
 ((jepsen.generator.Synchronize
   {:gen (jepsen.generator.TimeLimit
          {:limit 10000000000,
           :cutoff nil,
           :gen (jepsen.generator.Any
                 {:gens [(jepsen.generator.OnThreads
                          {:f #{:nemesis},
                           :context-filter #object[jepsen.generator.context$make_thread_filter$lazy_filter__9167
                                                   "0x77198cce"
                                                   "jepsen.generator.context$make_thread_filter$lazy_filter__9167@77198cce"],
                           :gen nil})
                         (jepsen.generator.OnThreads
                          {:f #jepsen.generator.context.AllBut{:element :nemesis},
                           :context-filter #object[jepsen.generator.context$make_thread_filter$lazy_filter__9167
                                                   "0xe7b7395"
                                                   "jepsen.generator.context$make_thread_filter$lazy_filter__9167@e7b7395"],
                           :gen (jepsen.generator.Stagger
                                 {:dt 400000000,
                                  :next-time nil,
                                  :gen (jepsen.generator.Mix
                                        {:i 0,
                                         :gens [({:f :broadcast, :value 0}
                                                 {:f :broadcast, :value 1}
                                                 {:f :broadcast, :value 2}
                                                 {:f :broadcast, :value 3}
                                                 {:f :broadcast, :value 4}
                                                 {:f :broadcast, :value 5}
                                                 {:f :broadcast, :value 6}
                                                 {:f :broadcast, :value 7}
                                                 ...)
                                                ({:f :read}
                                                 {:f :read}
                                                 {:f :read}
                                                 {:f :read}
                                                 {:f :read}
                                                 {:f :read}
                                                 {:f :read}
                                                 {:f :read}
                                                 ...)]})})})]})})})
  (jepsen.generator.Synchronize
   {:gen (jepsen.generator.OnThreads
          {:f #{:nemesis},
           :context-filter #object[jepsen.generator.context$make_thread_filter$lazy_filter__9167
                                   "0x293ccbdd"
                                   "jepsen.generator.context$make_thread_filter$lazy_filter__9167@293ccbdd"],
           :gen ()})})
  (jepsen.generator.Synchronize
   {:gen {:type :log, :value "Waiting for recovery..."}})
  (jepsen.generator.Synchronize {:gen {:type :sleep, :value 10}})
  (jepsen.generator.Synchronize
   {:gen (jepsen.generator.OnThreads
          {:f #jepsen.generator.context.AllBut{:element :nemesis},
           :context-filter #object[jepsen.generator.context$make_thread_filter$lazy_filter__9167
                                   "0x12f85dc8"
                                   "jepsen.generator.context$make_thread_filter$lazy_filter__9167@12f85dc8"],
           :gen (jepsen.generator.EachThread
                 {:fresh-gen {:f :read, :final? true},
                  :context-filters #object[clojure.core$promise$reify__8591
                                           "0x474a63d9"
                                           {:status :pending, :val nil}],
                  :gens {}})})}))
 :log-net-recv false
 :os
 #object[maelstrom.net$jepsen_os$reify__15254
         "0x1b8d0c21"
         "maelstrom.net$jepsen_os$reify__15254@1b8d0c21"]
 :time-limit 10
 :workload :broadcast
 :consistency-models [:strict-serializable]
 :topology :grid}

2026-05-28 22:34:39,936{GMT}	INFO	[jepsen node n0] maelstrom.net: Starting Maelstrom network
2026-05-28 22:34:39,938{GMT}	INFO	[jepsen test runner] jepsen.db: Tearing down DB
2026-05-28 22:34:39,939{GMT}	INFO	[jepsen test runner] jepsen.db: Setting up DB
2026-05-28 22:34:39,940{GMT}	INFO	[jepsen node n1] maelstrom.db: Setting up n1
2026-05-28 22:34:39,940{GMT}	INFO	[jepsen node n2] maelstrom.db: Setting up n2
2026-05-28 22:34:39,941{GMT}	INFO	[jepsen node n2] maelstrom.process: launching ./run.sh []
2026-05-28 22:34:39,941{GMT}	INFO	[jepsen node n1] maelstrom.process: launching ./run.sh []
2026-05-28 22:34:39,941{GMT}	INFO	[jepsen node n0] maelstrom.service: Starting services: (lin-kv lin-tso lww-kv seq-kv)
2026-05-28 22:34:39,943{GMT}	INFO	[jepsen node n0] maelstrom.db: Setting up n0
2026-05-28 22:34:39,943{GMT}	INFO	[jepsen node n0] maelstrom.process: launching ./run.sh []
2026-05-28 22:34:40,018{GMT}	INFO	[jepsen test runner] jepsen.core: Relative time begins now
2026-05-28 22:34:40,036{GMT}	INFO	[jepsen worker 0] jepsen.util: 0	:invoke	:broadcast	0
2026-05-28 22:34:40,039{GMT}	INFO	[jepsen worker 0] jepsen.util: 0	:ok	:broadcast	0
2026-05-28 22:34:40,368{GMT}	INFO	[jepsen worker 1] jepsen.util: 1	:invoke	:broadcast	1
2026-05-28 22:34:40,370{GMT}	INFO	[jepsen worker 1] jepsen.util: 1	:ok	:broadcast	1
2026-05-28 22:34:40,733{GMT}	INFO	[jepsen worker 2] jepsen.util: 2	:invoke	:read	nil
2026-05-28 22:34:40,736{GMT}	INFO	[jepsen worker 2] jepsen.util: 2	:ok	:read	[]
2026-05-28 22:34:41,050{GMT}	INFO	[jepsen worker 0] jepsen.util: 0	:invoke	:broadcast	2
2026-05-28 22:34:41,053{GMT}	INFO	[jepsen worker 0] jepsen.util: 0	:ok	:broadcast	2
2026-05-28 22:34:41,379{GMT}	INFO	[jepsen worker 0] jepsen.util: 0	:invoke	:read	nil
2026-05-28 22:34:41,381{GMT}	INFO	[jepsen worker 0] jepsen.util: 0	:ok	:read	[0 2]
2026-05-28 22:34:41,665{GMT}	INFO	[jepsen worker 1] jepsen.util: 1	:invoke	:broadcast	3
2026-05-28 22:34:41,668{GMT}	INFO	[jepsen worker 1] jepsen.util: 1	:ok	:broadcast	3
2026-05-28 22:34:41,900{GMT}	INFO	[jepsen worker 2] jepsen.util: 2	:invoke	:broadcast	4
2026-05-28 22:34:41,902{GMT}	INFO	[jepsen worker 2] jepsen.util: 2	:ok	:broadcast	4
2026-05-28 22:34:41,959{GMT}	INFO	[jepsen worker 0] jepsen.util: 0	:invoke	:read	nil
2026-05-28 22:34:41,961{GMT}	INFO	[jepsen worker 0] jepsen.util: 0	:ok	:read	[0 2]
2026-05-28 22:34:42,273{GMT}	INFO	[jepsen worker 0] jepsen.util: 0	:invoke	:broadcast	5
2026-05-28 22:34:42,275{GMT}	INFO	[jepsen worker 0] jepsen.util: 0	:ok	:broadcast	5
2026-05-28 22:34:42,477{GMT}	INFO	[jepsen worker 1] jepsen.util: 1	:invoke	:read	nil
2026-05-28 22:34:42,479{GMT}	INFO	[jepsen worker 1] jepsen.util: 1	:ok	:read	[1 3]
2026-05-28 22:34:42,801{GMT}	INFO	[jepsen worker 2] jepsen.util: 2	:invoke	:broadcast	6
2026-05-28 22:34:42,803{GMT}	INFO	[jepsen worker 2] jepsen.util: 2	:ok	:broadcast	6
2026-05-28 22:34:43,199{GMT}	INFO	[jepsen worker 0] jepsen.util: 0	:invoke	:broadcast	7
2026-05-28 22:34:43,201{GMT}	INFO	[jepsen worker 0] jepsen.util: 0	:ok	:broadcast	7
2026-05-28 22:34:43,436{GMT}	INFO	[jepsen worker 0] jepsen.util: 0	:invoke	:broadcast	8
2026-05-28 22:34:43,439{GMT}	INFO	[jepsen worker 0] jepsen.util: 0	:ok	:broadcast	8
2026-05-28 22:34:43,737{GMT}	INFO	[jepsen worker 1] jepsen.util: 1	:invoke	:broadcast	9
2026-05-28 22:34:43,738{GMT}	INFO	[jepsen worker 1] jepsen.util: 1	:ok	:broadcast	9
2026-05-28 22:34:44,083{GMT}	INFO	[jepsen worker 2] jepsen.util: 2	:invoke	:broadcast	10
2026-05-28 22:34:44,085{GMT}	INFO	[jepsen worker 2] jepsen.util: 2	:ok	:broadcast	10
2026-05-28 22:34:44,404{GMT}	INFO	[jepsen worker 0] jepsen.util: 0	:invoke	:read	nil
2026-05-28 22:34:44,406{GMT}	INFO	[jepsen worker 0] jepsen.util: 0	:ok	:read	[0 2 5 7 8]
2026-05-28 22:34:44,571{GMT}	INFO	[jepsen worker 0] jepsen.util: 0	:invoke	:read	nil
2026-05-28 22:34:44,573{GMT}	INFO	[jepsen worker 0] jepsen.util: 0	:ok	:read	[0 2 5 7 8]
2026-05-28 22:34:44,686{GMT}	INFO	[jepsen worker 1] jepsen.util: 1	:invoke	:broadcast	11
2026-05-28 22:34:44,688{GMT}	INFO	[jepsen worker 1] jepsen.util: 1	:ok	:broadcast	11
2026-05-28 22:34:45,035{GMT}	INFO	[jepsen worker 2] jepsen.util: 2	:invoke	:broadcast	12
2026-05-28 22:34:45,037{GMT}	INFO	[jepsen worker 2] jepsen.util: 2	:ok	:broadcast	12
2026-05-28 22:34:45,207{GMT}	INFO	[jepsen worker 0] jepsen.util: 0	:invoke	:read	nil
2026-05-28 22:34:45,209{GMT}	INFO	[jepsen worker 0] jepsen.util: 0	:ok	:read	[0 2 5 7 8]
2026-05-28 22:34:45,411{GMT}	INFO	[jepsen worker 0] jepsen.util: 0	:invoke	:read	nil
2026-05-28 22:34:45,412{GMT}	INFO	[jepsen worker 0] jepsen.util: 0	:ok	:read	[0 2 5 7 8]
2026-05-28 22:34:45,726{GMT}	INFO	[jepsen worker 1] jepsen.util: 1	:invoke	:broadcast	13
2026-05-28 22:34:45,728{GMT}	INFO	[jepsen worker 1] jepsen.util: 1	:ok	:broadcast	13
2026-05-28 22:34:45,955{GMT}	INFO	[jepsen worker 2] jepsen.util: 2	:invoke	:read	nil
2026-05-28 22:34:45,957{GMT}	INFO	[jepsen worker 2] jepsen.util: 2	:ok	:read	[4 6 10 12]
2026-05-28 22:34:46,066{GMT}	INFO	[jepsen worker 0] jepsen.util: 0	:invoke	:broadcast	14
2026-05-28 22:34:46,068{GMT}	INFO	[jepsen worker 0] jepsen.util: 0	:ok	:broadcast	14
2026-05-28 22:34:46,317{GMT}	INFO	[jepsen worker 0] jepsen.util: 0	:invoke	:broadcast	15
2026-05-28 22:34:46,319{GMT}	INFO	[jepsen worker 0] jepsen.util: 0	:ok	:broadcast	15
2026-05-28 22:34:46,505{GMT}	INFO	[jepsen worker 1] jepsen.util: 1	:invoke	:broadcast	16
2026-05-28 22:34:46,507{GMT}	INFO	[jepsen worker 1] jepsen.util: 1	:ok	:broadcast	16
2026-05-28 22:34:46,670{GMT}	INFO	[jepsen worker 2] jepsen.util: 2	:invoke	:read	nil
2026-05-28 22:34:46,672{GMT}	INFO	[jepsen worker 2] jepsen.util: 2	:ok	:read	[4 6 10 12]
2026-05-28 22:34:46,928{GMT}	INFO	[jepsen worker 0] jepsen.util: 0	:invoke	:broadcast	17
2026-05-28 22:34:46,930{GMT}	INFO	[jepsen worker 0] jepsen.util: 0	:ok	:broadcast	17
2026-05-28 22:34:47,217{GMT}	INFO	[jepsen worker 0] jepsen.util: 0	:invoke	:read	nil
2026-05-28 22:34:47,219{GMT}	INFO	[jepsen worker 0] jepsen.util: 0	:ok	:read	[0 2 5 7 8 14 15 17]
2026-05-28 22:34:47,265{GMT}	INFO	[jepsen worker 1] jepsen.util: 1	:invoke	:read	nil
2026-05-28 22:34:47,267{GMT}	INFO	[jepsen worker 1] jepsen.util: 1	:ok	:read	[1 3 9 11 13 16]
2026-05-28 22:34:47,596{GMT}	INFO	[jepsen worker 2] jepsen.util: 2	:invoke	:broadcast	18
2026-05-28 22:34:47,597{GMT}	INFO	[jepsen worker 2] jepsen.util: 2	:ok	:broadcast	18
2026-05-28 22:34:47,738{GMT}	INFO	[jepsen worker 0] jepsen.util: 0	:invoke	:broadcast	19
2026-05-28 22:34:47,740{GMT}	INFO	[jepsen worker 0] jepsen.util: 0	:ok	:broadcast	19
2026-05-28 22:34:48,086{GMT}	INFO	[jepsen worker 0] jepsen.util: 0	:invoke	:broadcast	20
2026-05-28 22:34:48,088{GMT}	INFO	[jepsen worker 0] jepsen.util: 0	:ok	:broadcast	20
2026-05-28 22:34:48,216{GMT}	INFO	[jepsen worker 1] jepsen.util: 1	:invoke	:broadcast	21
2026-05-28 22:34:48,218{GMT}	INFO	[jepsen worker 1] jepsen.util: 1	:ok	:broadcast	21
2026-05-28 22:34:48,547{GMT}	INFO	[jepsen worker 2] jepsen.util: 2	:invoke	:broadcast	22
2026-05-28 22:34:48,548{GMT}	INFO	[jepsen worker 2] jepsen.util: 2	:ok	:broadcast	22
2026-05-28 22:34:48,801{GMT}	INFO	[jepsen worker 0] jepsen.util: 0	:invoke	:read	nil
2026-05-28 22:34:48,804{GMT}	INFO	[jepsen worker 0] jepsen.util: 0	:ok	:read	[0 2 5 7 8 14 15 17 19 20]
2026-05-28 22:34:48,984{GMT}	INFO	[jepsen worker 0] jepsen.util: 0	:invoke	:broadcast	23
2026-05-28 22:34:48,986{GMT}	INFO	[jepsen worker 0] jepsen.util: 0	:ok	:broadcast	23
2026-05-28 22:34:49,373{GMT}	INFO	[jepsen worker 1] jepsen.util: 1	:invoke	:broadcast	24
2026-05-28 22:34:49,374{GMT}	INFO	[jepsen worker 1] jepsen.util: 1	:ok	:broadcast	24
2026-05-28 22:34:49,688{GMT}	INFO	[jepsen worker 2] jepsen.util: 2	:invoke	:broadcast	25
2026-05-28 22:34:49,689{GMT}	INFO	[jepsen worker 2] jepsen.util: 2	:ok	:broadcast	25
2026-05-28 22:34:49,779{GMT}	INFO	[jepsen worker 0] jepsen.util: 0	:invoke	:broadcast	26
2026-05-28 22:34:49,781{GMT}	INFO	[jepsen worker 0] jepsen.util: 0	:ok	:broadcast	26
2026-05-28 22:34:50,025{GMT}	INFO	[jepsen worker 0] jepsen.util: 0	:invoke	:read	nil
2026-05-28 22:34:50,027{GMT}	INFO	[jepsen worker 0] jepsen.util: 0	:ok	:read	[0 2 5 7 8 14 15 17 19 20 23 26]
2026-05-28 22:34:50,027{GMT}	INFO	[jepsen worker 1] jepsen.generator.interpreter: Waiting for recovery...
2026-05-28 22:35:00,029{GMT}	INFO	[jepsen worker 1] jepsen.util: 1	:invoke	:read	nil
2026-05-28 22:35:00,029{GMT}	INFO	[jepsen worker 2] jepsen.util: 2	:invoke	:read	nil
2026-05-28 22:35:00,030{GMT}	INFO	[jepsen worker 0] jepsen.util: 0	:invoke	:read	nil
2026-05-28 22:35:00,031{GMT}	INFO	[jepsen worker 2] jepsen.util: 2	:ok	:read	[4 6 10 12 18 22 25]
2026-05-28 22:35:00,031{GMT}	INFO	[jepsen worker 1] jepsen.util: 1	:ok	:read	[1 3 9 11 13 16 21 24]
2026-05-28 22:35:00,031{GMT}	INFO	[jepsen worker 0] jepsen.util: 0	:ok	:read	[0 2 5 7 8 14 15 17 19 20 23 26]
2026-05-28 22:35:00,057{GMT}	INFO	[jepsen test runner] jepsen.core: Run complete, writing
2026-05-28 22:35:00,088{GMT}	INFO	[jepsen node n0] maelstrom.db: Tearing down n0
2026-05-28 22:35:00,088{GMT}	INFO	[jepsen node n1] maelstrom.db: Tearing down n1
2026-05-28 22:35:00,088{GMT}	INFO	[jepsen node n2] maelstrom.db: Tearing down n2
