2026-05-28 22:28:35,914{GMT}	INFO	[jepsen test runner] jepsen.core: Test version 67fea5da5f074150ddf98f21a7751e36dcd1743c (plus uncommitted changes)
2026-05-28 22:28:35,914{GMT}	INFO	[jepsen test runner] jepsen.core: Command line:
lein run test -w broadcast --bin ./run.sh --node-count 3 --time-limit 10
2026-05-28 22:28:35,978{GMT}	INFO	[jepsen test runner] jepsen.core: Running test:
{:args []
 :remote
 #jepsen.control.retry.Remote{:remote #jepsen.control.scp.Remote{:cmd-remote #jepsen.control.sshj.SSHJRemote{:concurrency-limit 6,
                                                                                                             :conn-spec nil,
                                                                                                             :client nil,
                                                                                                             :semaphore nil},
                                                                 :conn-spec nil},
                              :conn nil}
 :log-net-send false
 :node-count 3
 :availability nil
 :max-txn-length 4
 :concurrency 3
 :db
 #object[maelstrom.db$db$reify__16142
         "0x797a5b31"
         "maelstrom.db$db$reify__16142@797a5b31"]
 :max-writes-per-key 16
 :leave-db-running? false
 :name "broadcast"
 :logging-json? false
 :start-time
 #object[org.joda.time.DateTime "0x732ffb6a" "2026-05-28T22:28:35.890+03:00"]
 :nemesis-interval 10
 :net
 #object[maelstrom.net$jepsen_net$reify__15251
         "0x5ed83e36"
         "maelstrom.net$jepsen_net$reify__15251@5ed83e36"]
 :client
 #object[maelstrom.workload.broadcast$client$reify__16644
         "0x2459715c"
         "maelstrom.workload.broadcast$client$reify__16644@2459715c"]
 :barrier
 #object[java.util.concurrent.CyclicBarrier
         "0x401e36ab"
         "java.util.concurrent.CyclicBarrier@401e36ab"]
 :log-stderr false
 :pure-generators true
 :ssh {:dummy? true}
 :rate 5
 :checker
 #object[jepsen.checker$compose$reify__11881
         "0x4ce66169"
         "jepsen.checker$compose$reify__11881@4ce66169"]
 :argv
 ("test"
  "-w"
  "broadcast"
  "--bin"
  "./run.sh"
  "--node-count"
  "3"
  "--time-limit"
  "10")
 :nemesis
 (jepsen.nemesis.ReflCompose
  {:fm {:start-partition 0,
        :stop-partition 0,
        :kill 1,
        :start 1,
        :pause 1,
        :resume 1},
   :nemeses [#unprintable "jepsen.nemesis.combined$partition_nemesis$reify__16416@53d0cf4d"
             #unprintable "jepsen.nemesis.combined$db_nemesis$reify__16397@3c6c87fa"]})
 :nodes ["n0" "n1" "n2"]
 :test-count 1
 :latency {:mean 0, :dist :constant}
 :bin "./run.sh"
 :generator
 ((jepsen.generator.Synchronize
   {:gen (jepsen.generator.TimeLimit
          {:limit 10000000000,
           :cutoff nil,
           :gen (jepsen.generator.Any
                 {:gens [(jepsen.generator.OnThreads
                          {:f #{:nemesis},
                           :context-filter #object[jepsen.generator.context$make_thread_filter$lazy_filter__9167
                                                   "0x77198cce"
                                                   "jepsen.generator.context$make_thread_filter$lazy_filter__9167@77198cce"],
                           :gen nil})
                         (jepsen.generator.OnThreads
                          {:f #jepsen.generator.context.AllBut{:element :nemesis},
                           :context-filter #object[jepsen.generator.context$make_thread_filter$lazy_filter__9167
                                                   "0xe7b7395"
                                                   "jepsen.generator.context$make_thread_filter$lazy_filter__9167@e7b7395"],
                           :gen (jepsen.generator.Stagger
                                 {:dt 400000000,
                                  :next-time nil,
                                  :gen (jepsen.generator.Mix
                                        {:i 1,
                                         :gens [({:f :broadcast, :value 0}
                                                 {:f :broadcast, :value 1}
                                                 {:f :broadcast, :value 2}
                                                 {:f :broadcast, :value 3}
                                                 {:f :broadcast, :value 4}
                                                 {:f :broadcast, :value 5}
                                                 {:f :broadcast, :value 6}
                                                 {:f :broadcast, :value 7}
                                                 ...)
                                                ({:f :read}
                                                 {:f :read}
                                                 {:f :read}
                                                 {:f :read}
                                                 {:f :read}
                                                 {:f :read}
                                                 {:f :read}
                                                 {:f :read}
                                                 ...)]})})})]})})})
  (jepsen.generator.Synchronize
   {:gen (jepsen.generator.OnThreads
          {:f #{:nemesis},
           :context-filter #object[jepsen.generator.context$make_thread_filter$lazy_filter__9167
                                   "0x293ccbdd"
                                   "jepsen.generator.context$make_thread_filter$lazy_filter__9167@293ccbdd"],
           :gen ()})})
  (jepsen.generator.Synchronize
   {:gen {:type :log, :value "Waiting for recovery..."}})
  (jepsen.generator.Synchronize {:gen {:type :sleep, :value 10}})
  (jepsen.generator.Synchronize
   {:gen (jepsen.generator.OnThreads
          {:f #jepsen.generator.context.AllBut{:element :nemesis},
           :context-filter #object[jepsen.generator.context$make_thread_filter$lazy_filter__9167
                                   "0x12f85dc8"
                                   "jepsen.generator.context$make_thread_filter$lazy_filter__9167@12f85dc8"],
           :gen (jepsen.generator.EachThread
                 {:fresh-gen {:f :read, :final? true},
                  :context-filters #object[clojure.core$promise$reify__8591
                                           "0x474a63d9"
                                           {:status :pending, :val nil}],
                  :gens {}})})}))
 :log-net-recv false
 :os
 #object[maelstrom.net$jepsen_os$reify__15254
         "0x1b8d0c21"
         "maelstrom.net$jepsen_os$reify__15254@1b8d0c21"]
 :time-limit 10
 :workload :broadcast
 :consistency-models [:strict-serializable]
 :topology :grid}

2026-05-28 22:28:37,499{GMT}	INFO	[jepsen node n0] maelstrom.net: Starting Maelstrom network
2026-05-28 22:28:37,500{GMT}	INFO	[jepsen test runner] jepsen.db: Tearing down DB
2026-05-28 22:28:37,502{GMT}	INFO	[jepsen test runner] jepsen.db: Setting up DB
2026-05-28 22:28:37,502{GMT}	INFO	[jepsen node n1] maelstrom.db: Setting up n1
2026-05-28 22:28:37,502{GMT}	INFO	[jepsen node n2] maelstrom.db: Setting up n2
2026-05-28 22:28:37,503{GMT}	INFO	[jepsen node n1] maelstrom.process: launching ./run.sh []
2026-05-28 22:28:37,503{GMT}	INFO	[jepsen node n2] maelstrom.process: launching ./run.sh []
2026-05-28 22:28:37,504{GMT}	INFO	[jepsen node n0] maelstrom.service: Starting services: (lin-kv lin-tso lww-kv seq-kv)
2026-05-28 22:28:37,505{GMT}	INFO	[jepsen node n0] maelstrom.db: Setting up n0
2026-05-28 22:28:37,506{GMT}	INFO	[jepsen node n0] maelstrom.process: launching ./run.sh []
2026-05-28 22:28:47,519{GMT}	INFO	[jepsen node n1] maelstrom.db: Tearing down n1
2026-05-28 22:28:47,519{GMT}	INFO	[jepsen node n0] maelstrom.db: Tearing down n0
2026-05-28 22:28:47,519{GMT}	INFO	[jepsen node n2] maelstrom.db: Tearing down n2
