2026-05-28 22:22:29,201{GMT}	INFO	[jepsen test runner] jepsen.core: Test version 67fea5da5f074150ddf98f21a7751e36dcd1743c (plus uncommitted changes)
2026-05-28 22:22:29,201{GMT}	INFO	[jepsen test runner] jepsen.core: Command line:
lein run test -w echo --bin ./run.sh --node-count 1 --time-limit 10
2026-05-28 22:22:29,249{GMT}	INFO	[jepsen test runner] jepsen.core: Running test:
{:args []
 :remote
 #jepsen.control.retry.Remote{:remote #jepsen.control.scp.Remote{:cmd-remote #jepsen.control.sshj.SSHJRemote{:concurrency-limit 6,
                                                                                                             :conn-spec nil,
                                                                                                             :client nil,
                                                                                                             :semaphore nil},
                                                                 :conn-spec nil},
                              :conn nil}
 :log-net-send false
 :node-count 1
 :availability nil
 :max-txn-length 4
 :concurrency 1
 :db
 #object[maelstrom.db$db$reify__16142
         "0x453ca7f"
         "maelstrom.db$db$reify__16142@453ca7f"]
 :max-writes-per-key 16
 :leave-db-running? false
 :name "echo"
 :logging-json? false
 :start-time
 #object[org.joda.time.DateTime "0x292237cd" "2026-05-28T22:22:29.177+03:00"]
 :nemesis-interval 10
 :net
 #object[maelstrom.net$jepsen_net$reify__15251
         "0x797a5b31"
         "maelstrom.net$jepsen_net$reify__15251@797a5b31"]
 :client
 #object[maelstrom.workload.echo$client$reify__16863
         "0x13d7d1a8"
         "maelstrom.workload.echo$client$reify__16863@13d7d1a8"]
 :barrier
 #object[java.util.concurrent.CyclicBarrier
         "0x60035f1e"
         "java.util.concurrent.CyclicBarrier@60035f1e"]
 :log-stderr false
 :pure-generators true
 :ssh {:dummy? true}
 :rate 5
 :checker
 #object[jepsen.checker$compose$reify__11881
         "0x5827908c"
         "jepsen.checker$compose$reify__11881@5827908c"]
 :argv
 ("test" "-w" "echo" "--bin" "./run.sh" "--node-count" "1" "--time-limit" "10")
 :nemesis
 (jepsen.nemesis.ReflCompose
  {:fm {:start-partition 0,
        :stop-partition 0,
        :kill 1,
        :start 1,
        :pause 1,
        :resume 1},
   :nemeses [#unprintable "jepsen.nemesis.combined$partition_nemesis$reify__16416@732ffb6a"
             #unprintable "jepsen.nemesis.combined$db_nemesis$reify__16397@5ed83e36"]})
 :nodes ["n0"]
 :test-count 1
 :latency {:mean 0, :dist :constant}
 :bin "./run.sh"
 :generator
 (jepsen.generator.TimeLimit
  {:limit 10000000000,
   :cutoff nil,
   :gen (jepsen.generator.Any
         {:gens [(jepsen.generator.OnThreads
                  {:f #{:nemesis},
                   :context-filter #object[jepsen.generator.context$make_thread_filter$lazy_filter__9167
                                           "0x16441c13"
                                           "jepsen.generator.context$make_thread_filter$lazy_filter__9167@16441c13"],
                   :gen nil})
                 (jepsen.generator.OnThreads
                  {:f #jepsen.generator.context.AllBut{:element :nemesis},
                   :context-filter #object[jepsen.generator.context$make_thread_filter$lazy_filter__9167
                                           "0x6d3b59e2"
                                           "jepsen.generator.context$make_thread_filter$lazy_filter__9167@6d3b59e2"],
                   :gen (jepsen.generator.Stagger
                         {:dt 400000000,
                          :next-time nil,
                          :gen (jepsen.generator.EachThread
                                {:fresh-gen #object[maelstrom.workload.echo$workload$fn__16882
                                                    "0x164dfad2"
                                                    "maelstrom.workload.echo$workload$fn__16882@164dfad2"],
                                 :context-filters #object[clojure.core$promise$reify__8591
                                                          "0x76480730"
                                                          {:status :pending,
                                                           :val nil}],
                                 :gens {}})})})]})})
 :log-net-recv false
 :os
 #object[maelstrom.net$jepsen_os$reify__15254
         "0x405a296e"
         "maelstrom.net$jepsen_os$reify__15254@405a296e"]
 :time-limit 10
 :workload :echo
 :consistency-models [:strict-serializable]
 :topology :grid}

2026-05-28 22:22:30,895{GMT}	INFO	[jepsen node n0] maelstrom.net: Starting Maelstrom network
2026-05-28 22:22:30,897{GMT}	INFO	[jepsen test runner] jepsen.db: Tearing down DB
2026-05-28 22:22:30,899{GMT}	INFO	[jepsen test runner] jepsen.db: Setting up DB
2026-05-28 22:22:30,901{GMT}	INFO	[jepsen node n0] maelstrom.service: Starting services: (lin-kv lin-tso lww-kv seq-kv)
2026-05-28 22:22:30,903{GMT}	INFO	[jepsen node n0] maelstrom.db: Setting up n0
2026-05-28 22:22:30,904{GMT}	INFO	[jepsen node n0] maelstrom.process: launching ./run.sh []
2026-05-28 22:22:40,922{GMT}	INFO	[jepsen node n0] maelstrom.db: Tearing down n0
2026-05-28 22:22:41,922{GMT}	INFO	[jepsen node n0] maelstrom.net: Shutting down Maelstrom network
2026-05-28 22:22:41,924{GMT}	WARN	[jepsen test runner] jepsen.core: Test crashed!
clojure.lang.ExceptionInfo: Node n0 crashed with exit status 1. Before crashing, it wrote to STDOUT:



And to STDERR:

Error: Unable to access jarfile target/maelstrom-1.0-SNAPSHOT.jar

Full STDERR logs are available in /home/rares/maelstrombroadcast/maelstrom/store/echo/20260528T222229.177+0300/node-logs/n0.log
	at slingshot.support$stack_trace.invoke(support.clj:201)
	at maelstrom.process$stop_node_BANG_.invokeStatic(process.clj:239)
	at maelstrom.process$stop_node_BANG_.invoke(process.clj:217)
	at maelstrom.db$db$reify__16142.teardown_BANG_(db.clj:75)
	at jepsen.db$fn__8744$G__8725__8748.invoke(db.clj:12)
	at jepsen.db$fn__8744$G__8724__8753.invoke(db.clj:12)
	at clojure.core$partial$fn__5908.invoke(core.clj:2642)
	at jepsen.control$on_nodes$fn__8599.invoke(control.clj:314)
	at clojure.lang.AFn.applyToHelper(AFn.java:154)
	at clojure.lang.AFn.applyTo(AFn.java:144)
	at clojure.core$apply.invokeStatic(core.clj:667)
	at clojure.core$with_bindings_STAR_.invokeStatic(core.clj:1990)
	at clojure.core$with_bindings_STAR_.doInvoke(core.clj:1990)
	at clojure.lang.RestFn.applyTo(RestFn.java:142)
	at clojure.core$apply.invokeStatic(core.clj:671)
	at clojure.core$bound_fn_STAR_$fn__5818.doInvoke(core.clj:2020)
	at clojure.lang.RestFn.invoke(RestFn.java:408)
	at dom_top.core$real_pmap_helper$build_thread__211$fn__212.invoke(core.clj:163)
	at clojure.lang.AFn.applyToHelper(AFn.java:152)
	at clojure.lang.AFn.applyTo(AFn.java:144)
	at clojure.core$apply.invokeStatic(core.clj:667)
	at clojure.core$with_bindings_STAR_.invokeStatic(core.clj:1990)
	at clojure.core$with_bindings_STAR_.doInvoke(core.clj:1990)
	at clojure.lang.RestFn.invoke(RestFn.java:425)
	at clojure.lang.AFn.applyToHelper(AFn.java:156)
	at clojure.lang.RestFn.applyTo(RestFn.java:132)
	at clojure.core$apply.invokeStatic(core.clj:671)
	at clojure.core$bound_fn_STAR_$fn__5818.doInvoke(core.clj:2020)
	at clojure.lang.RestFn.invoke(RestFn.java:397)
	at clojure.lang.AFn.run(AFn.java:22)
	at java.base/java.lang.Thread.run(Thread.java:840)
