2026-05-28 22:37:15,869{GMT}	INFO	[jepsen test runner] jepsen.core: Test version 67fea5da5f074150ddf98f21a7751e36dcd1743c (plus uncommitted changes)
2026-05-28 22:37:15,871{GMT}	INFO	[jepsen test runner] jepsen.core: Command line:
lein run test -w broadcast --bin ./run.sh --node-count 3 --time-limit 10
2026-05-28 22:37:15,966{GMT}	INFO	[jepsen test runner] jepsen.core: Running test:
{:args []
 :remote
 #jepsen.control.retry.Remote{:remote #jepsen.control.scp.Remote{:cmd-remote #jepsen.control.sshj.SSHJRemote{:concurrency-limit 6,
                                                                                                             :conn-spec nil,
                                                                                                             :client nil,
                                                                                                             :semaphore nil},
                                                                 :conn-spec nil},
                              :conn nil}
 :log-net-send false
 :node-count 3
 :availability nil
 :max-txn-length 4
 :concurrency 3
 :db
 #object[maelstrom.db$db$reify__16142
         "0x797a5b31"
         "maelstrom.db$db$reify__16142@797a5b31"]
 :max-writes-per-key 16
 :leave-db-running? false
 :name "broadcast"
 :logging-json? false
 :start-time
 #object[org.joda.time.DateTime "0x732ffb6a" "2026-05-28T22:37:15.836+03:00"]
 :nemesis-interval 10
 :net
 #object[maelstrom.net$jepsen_net$reify__15251
         "0x5ed83e36"
         "maelstrom.net$jepsen_net$reify__15251@5ed83e36"]
 :client
 #object[maelstrom.workload.broadcast$client$reify__16644
         "0x2459715c"
         "maelstrom.workload.broadcast$client$reify__16644@2459715c"]
 :barrier
 #object[java.util.concurrent.CyclicBarrier
         "0x401e36ab"
         "java.util.concurrent.CyclicBarrier@401e36ab"]
 :log-stderr false
 :pure-generators true
 :ssh {:dummy? true}
 :rate 5
 :checker
 #object[jepsen.checker$compose$reify__11881
         "0x4ce66169"
         "jepsen.checker$compose$reify__11881@4ce66169"]
 :argv
 ("test"
  "-w"
  "broadcast"
  "--bin"
  "./run.sh"
  "--node-count"
  "3"
  "--time-limit"
  "10")
 :nemesis
 (jepsen.nemesis.ReflCompose
  {:fm {:start-partition 0,
        :stop-partition 0,
        :kill 1,
        :start 1,
        :pause 1,
        :resume 1},
   :nemeses [#unprintable "jepsen.nemesis.combined$partition_nemesis$reify__16416@53d0cf4d"
             #unprintable "jepsen.nemesis.combined$db_nemesis$reify__16397@3c6c87fa"]})
 :nodes ["n0" "n1" "n2"]
 :test-count 1
 :latency {:mean 0, :dist :constant}
 :bin "./run.sh"
 :generator
 ((jepsen.generator.Synchronize
   {:gen (jepsen.generator.TimeLimit
          {:limit 10000000000,
           :cutoff nil,
           :gen (jepsen.generator.Any
                 {:gens [(jepsen.generator.OnThreads
                          {:f #{:nemesis},
                           :context-filter #object[jepsen.generator.context$make_thread_filter$lazy_filter__9167
                                                   "0x77198cce"
                                                   "jepsen.generator.context$make_thread_filter$lazy_filter__9167@77198cce"],
                           :gen nil})
                         (jepsen.generator.OnThreads
                          {:f #jepsen.generator.context.AllBut{:element :nemesis},
                           :context-filter #object[jepsen.generator.context$make_thread_filter$lazy_filter__9167
                                                   "0xe7b7395"
                                                   "jepsen.generator.context$make_thread_filter$lazy_filter__9167@e7b7395"],
                           :gen (jepsen.generator.Stagger
                                 {:dt 400000000,
                                  :next-time nil,
                                  :gen (jepsen.generator.Mix
                                        {:i 1,
                                         :gens [({:f :broadcast, :value 0}
                                                 {:f :broadcast, :value 1}
                                                 {:f :broadcast, :value 2}
                                                 {:f :broadcast, :value 3}
                                                 {:f :broadcast, :value 4}
                                                 {:f :broadcast, :value 5}
                                                 {:f :broadcast, :value 6}
                                                 {:f :broadcast, :value 7}
                                                 ...)
                                                ({:f :read}
                                                 {:f :read}
                                                 {:f :read}
                                                 {:f :read}
                                                 {:f :read}
                                                 {:f :read}
                                                 {:f :read}
                                                 {:f :read}
                                                 ...)]})})})]})})})
  (jepsen.generator.Synchronize
   {:gen (jepsen.generator.OnThreads
          {:f #{:nemesis},
           :context-filter #object[jepsen.generator.context$make_thread_filter$lazy_filter__9167
                                   "0x293ccbdd"
                                   "jepsen.generator.context$make_thread_filter$lazy_filter__9167@293ccbdd"],
           :gen ()})})
  (jepsen.generator.Synchronize
   {:gen {:type :log, :value "Waiting for recovery..."}})
  (jepsen.generator.Synchronize {:gen {:type :sleep, :value 10}})
  (jepsen.generator.Synchronize
   {:gen (jepsen.generator.OnThreads
          {:f #jepsen.generator.context.AllBut{:element :nemesis},
           :context-filter #object[jepsen.generator.context$make_thread_filter$lazy_filter__9167
                                   "0x12f85dc8"
                                   "jepsen.generator.context$make_thread_filter$lazy_filter__9167@12f85dc8"],
           :gen (jepsen.generator.EachThread
                 {:fresh-gen {:f :read, :final? true},
                  :context-filters #object[clojure.core$promise$reify__8591
                                           "0x474a63d9"
                                           {:status :pending, :val nil}],
                  :gens {}})})}))
 :log-net-recv false
 :os
 #object[maelstrom.net$jepsen_os$reify__15254
         "0x1b8d0c21"
         "maelstrom.net$jepsen_os$reify__15254@1b8d0c21"]
 :time-limit 10
 :workload :broadcast
 :consistency-models [:strict-serializable]
 :topology :grid}

2026-05-28 22:37:17,956{GMT}	INFO	[jepsen node n0] maelstrom.net: Starting Maelstrom network
2026-05-28 22:37:17,957{GMT}	INFO	[jepsen test runner] jepsen.db: Tearing down DB
2026-05-28 22:37:17,959{GMT}	INFO	[jepsen test runner] jepsen.db: Setting up DB
2026-05-28 22:37:17,960{GMT}	INFO	[jepsen node n1] maelstrom.db: Setting up n1
2026-05-28 22:37:17,960{GMT}	INFO	[jepsen node n2] maelstrom.db: Setting up n2
2026-05-28 22:37:17,961{GMT}	INFO	[jepsen node n2] maelstrom.process: launching ./run.sh []
2026-05-28 22:37:17,961{GMT}	INFO	[jepsen node n1] maelstrom.process: launching ./run.sh []
2026-05-28 22:37:17,961{GMT}	INFO	[jepsen node n0] maelstrom.service: Starting services: (lin-kv lin-tso lww-kv seq-kv)
2026-05-28 22:37:17,963{GMT}	INFO	[jepsen node n0] maelstrom.db: Setting up n0
2026-05-28 22:37:17,964{GMT}	INFO	[jepsen node n0] maelstrom.process: launching ./run.sh []
2026-05-28 22:37:18,063{GMT}	INFO	[jepsen test runner] jepsen.core: Relative time begins now
2026-05-28 22:37:18,083{GMT}	INFO	[jepsen worker 0] jepsen.util: 0	:invoke	:read	nil
2026-05-28 22:37:18,087{GMT}	INFO	[jepsen worker 0] jepsen.util: 0	:ok	:read	[]
2026-05-28 22:37:18,351{GMT}	INFO	[jepsen worker 1] jepsen.util: 1	:invoke	:read	nil
2026-05-28 22:37:18,357{GMT}	INFO	[jepsen worker 1] jepsen.util: 1	:ok	:read	[]
2026-05-28 22:37:18,475{GMT}	INFO	[jepsen worker 2] jepsen.util: 2	:invoke	:read	nil
2026-05-28 22:37:18,478{GMT}	INFO	[jepsen worker 2] jepsen.util: 2	:ok	:read	[]
2026-05-28 22:37:18,540{GMT}	INFO	[jepsen worker 0] jepsen.util: 0	:invoke	:broadcast	0
2026-05-28 22:37:18,544{GMT}	INFO	[jepsen worker 0] jepsen.util: 0	:ok	:broadcast	0
2026-05-28 22:37:18,576{GMT}	INFO	[jepsen worker 0] jepsen.util: 0	:invoke	:broadcast	1
2026-05-28 22:37:18,578{GMT}	INFO	[jepsen worker 0] jepsen.util: 0	:ok	:broadcast	1
2026-05-28 22:37:18,943{GMT}	INFO	[jepsen worker 1] jepsen.util: 1	:invoke	:read	nil
2026-05-28 22:37:18,945{GMT}	INFO	[jepsen worker 1] jepsen.util: 1	:ok	:read	[0 1]
2026-05-28 22:37:19,090{GMT}	INFO	[jepsen worker 2] jepsen.util: 2	:invoke	:broadcast	2
2026-05-28 22:37:19,093{GMT}	INFO	[jepsen worker 2] jepsen.util: 2	:ok	:broadcast	2
2026-05-28 22:37:19,149{GMT}	INFO	[jepsen worker 0] jepsen.util: 0	:invoke	:read	nil
2026-05-28 22:37:19,151{GMT}	INFO	[jepsen worker 0] jepsen.util: 0	:ok	:read	[0 1 2]
2026-05-28 22:37:19,246{GMT}	INFO	[jepsen worker 0] jepsen.util: 0	:invoke	:broadcast	3
2026-05-28 22:37:19,249{GMT}	INFO	[jepsen worker 0] jepsen.util: 0	:ok	:broadcast	3
2026-05-28 22:37:19,563{GMT}	INFO	[jepsen worker 1] jepsen.util: 1	:invoke	:read	nil
2026-05-28 22:37:19,565{GMT}	INFO	[jepsen worker 1] jepsen.util: 1	:ok	:read	[0 1 2 3]
2026-05-28 22:37:19,602{GMT}	INFO	[jepsen worker 2] jepsen.util: 2	:invoke	:read	nil
2026-05-28 22:37:19,604{GMT}	INFO	[jepsen worker 2] jepsen.util: 2	:ok	:read	[0 1 2 3]
2026-05-28 22:37:19,919{GMT}	INFO	[jepsen worker 0] jepsen.util: 0	:invoke	:read	nil
2026-05-28 22:37:19,921{GMT}	INFO	[jepsen worker 0] jepsen.util: 0	:ok	:read	[0 1 2 3]
2026-05-28 22:37:20,109{GMT}	INFO	[jepsen worker 0] jepsen.util: 0	:invoke	:broadcast	4
2026-05-28 22:37:20,111{GMT}	INFO	[jepsen worker 0] jepsen.util: 0	:ok	:broadcast	4
2026-05-28 22:37:20,287{GMT}	INFO	[jepsen worker 1] jepsen.util: 1	:invoke	:read	nil
2026-05-28 22:37:20,290{GMT}	INFO	[jepsen worker 1] jepsen.util: 1	:ok	:read	[0 1 2 3 4]
2026-05-28 22:37:20,643{GMT}	INFO	[jepsen worker 2] jepsen.util: 2	:invoke	:broadcast	5
2026-05-28 22:37:20,645{GMT}	INFO	[jepsen worker 2] jepsen.util: 2	:ok	:broadcast	5
2026-05-28 22:37:20,997{GMT}	INFO	[jepsen worker 0] jepsen.util: 0	:invoke	:broadcast	6
2026-05-28 22:37:20,999{GMT}	INFO	[jepsen worker 0] jepsen.util: 0	:ok	:broadcast	6
2026-05-28 22:37:21,061{GMT}	INFO	[jepsen worker 0] jepsen.util: 0	:invoke	:read	nil
2026-05-28 22:37:21,062{GMT}	INFO	[jepsen worker 0] jepsen.util: 0	:ok	:read	[0 1 2 3 4 5 6]
2026-05-28 22:37:21,353{GMT}	INFO	[jepsen worker 1] jepsen.util: 1	:invoke	:read	nil
2026-05-28 22:37:21,355{GMT}	INFO	[jepsen worker 1] jepsen.util: 1	:ok	:read	[0 1 2 3 4 5 6]
2026-05-28 22:37:21,547{GMT}	INFO	[jepsen worker 2] jepsen.util: 2	:invoke	:broadcast	7
2026-05-28 22:37:21,550{GMT}	INFO	[jepsen worker 2] jepsen.util: 2	:ok	:broadcast	7
2026-05-28 22:37:21,835{GMT}	INFO	[jepsen worker 0] jepsen.util: 0	:invoke	:read	nil
2026-05-28 22:37:21,837{GMT}	INFO	[jepsen worker 0] jepsen.util: 0	:ok	:read	[0 1 2 3 4 5 6 7]
2026-05-28 22:37:22,022{GMT}	INFO	[jepsen worker 0] jepsen.util: 0	:invoke	:read	nil
2026-05-28 22:37:22,024{GMT}	INFO	[jepsen worker 0] jepsen.util: 0	:ok	:read	[0 1 2 3 4 5 6 7]
2026-05-28 22:37:22,135{GMT}	INFO	[jepsen worker 1] jepsen.util: 1	:invoke	:broadcast	8
2026-05-28 22:37:22,137{GMT}	INFO	[jepsen worker 1] jepsen.util: 1	:ok	:broadcast	8
2026-05-28 22:37:22,432{GMT}	INFO	[jepsen worker 2] jepsen.util: 2	:invoke	:broadcast	9
2026-05-28 22:37:22,434{GMT}	INFO	[jepsen worker 2] jepsen.util: 2	:ok	:broadcast	9
2026-05-28 22:37:22,646{GMT}	INFO	[jepsen worker 0] jepsen.util: 0	:invoke	:read	nil
2026-05-28 22:37:22,648{GMT}	INFO	[jepsen worker 0] jepsen.util: 0	:ok	:read	[0 1 2 3 4 5 6 7 8 9]
2026-05-28 22:37:22,667{GMT}	INFO	[jepsen worker 0] jepsen.util: 0	:invoke	:read	nil
2026-05-28 22:37:22,670{GMT}	INFO	[jepsen worker 0] jepsen.util: 0	:ok	:read	[0 1 2 3 4 5 6 7 8 9]
2026-05-28 22:37:22,728{GMT}	INFO	[jepsen worker 1] jepsen.util: 1	:invoke	:broadcast	10
2026-05-28 22:37:22,732{GMT}	INFO	[jepsen worker 1] jepsen.util: 1	:ok	:broadcast	10
2026-05-28 22:37:22,863{GMT}	INFO	[jepsen worker 2] jepsen.util: 2	:invoke	:broadcast	11
2026-05-28 22:37:22,865{GMT}	INFO	[jepsen worker 2] jepsen.util: 2	:ok	:broadcast	11
2026-05-28 22:37:23,143{GMT}	INFO	[jepsen worker 0] jepsen.util: 0	:invoke	:broadcast	12
2026-05-28 22:37:23,145{GMT}	INFO	[jepsen worker 0] jepsen.util: 0	:ok	:broadcast	12
2026-05-28 22:37:23,351{GMT}	INFO	[jepsen worker 0] jepsen.util: 0	:invoke	:read	nil
2026-05-28 22:37:23,353{GMT}	INFO	[jepsen worker 0] jepsen.util: 0	:ok	:read	[0 1 2 3 4 5 6 7 8 9 10 11 12]
2026-05-28 22:37:23,690{GMT}	INFO	[jepsen worker 1] jepsen.util: 1	:invoke	:broadcast	13
2026-05-28 22:37:23,693{GMT}	INFO	[jepsen worker 1] jepsen.util: 1	:ok	:broadcast	13
2026-05-28 22:37:24,047{GMT}	INFO	[jepsen worker 2] jepsen.util: 2	:invoke	:read	nil
2026-05-28 22:37:24,049{GMT}	INFO	[jepsen worker 2] jepsen.util: 2	:ok	:read	[0 1 2 3 4 5 6 7 8 9 10 11 12 13]
2026-05-28 22:37:24,235{GMT}	INFO	[jepsen worker 0] jepsen.util: 0	:invoke	:read	nil
2026-05-28 22:37:24,237{GMT}	INFO	[jepsen worker 0] jepsen.util: 0	:ok	:read	[0 1 2 3 4 5 6 7 8 9 10 11 12 13]
2026-05-28 22:37:24,575{GMT}	INFO	[jepsen worker 0] jepsen.util: 0	:invoke	:read	nil
2026-05-28 22:37:24,577{GMT}	INFO	[jepsen worker 0] jepsen.util: 0	:ok	:read	[0 1 2 3 4 5 6 7 8 9 10 11 12 13]
2026-05-28 22:37:24,730{GMT}	INFO	[jepsen worker 1] jepsen.util: 1	:invoke	:broadcast	14
2026-05-28 22:37:24,733{GMT}	INFO	[jepsen worker 1] jepsen.util: 1	:ok	:broadcast	14
2026-05-28 22:37:25,103{GMT}	INFO	[jepsen worker 2] jepsen.util: 2	:invoke	:broadcast	15
2026-05-28 22:37:25,106{GMT}	INFO	[jepsen worker 2] jepsen.util: 2	:ok	:broadcast	15
2026-05-28 22:37:25,450{GMT}	INFO	[jepsen worker 0] jepsen.util: 0	:invoke	:read	nil
2026-05-28 22:37:25,452{GMT}	INFO	[jepsen worker 0] jepsen.util: 0	:ok	:read	[0 1 2 3 4 5 6 7 8 9 10 11 12 13 14 15]
2026-05-28 22:37:25,493{GMT}	INFO	[jepsen worker 0] jepsen.util: 0	:invoke	:broadcast	16
2026-05-28 22:37:25,495{GMT}	INFO	[jepsen worker 0] jepsen.util: 0	:ok	:broadcast	16
2026-05-28 22:37:25,607{GMT}	INFO	[jepsen worker 1] jepsen.util: 1	:invoke	:read	nil
2026-05-28 22:37:25,609{GMT}	INFO	[jepsen worker 1] jepsen.util: 1	:ok	:read	[0 1 2 3 4 5 6 7 8 9 10 11 12 13 14 15 16]
2026-05-28 22:37:25,654{GMT}	INFO	[jepsen worker 2] jepsen.util: 2	:invoke	:broadcast	17
2026-05-28 22:37:25,657{GMT}	INFO	[jepsen worker 2] jepsen.util: 2	:ok	:broadcast	17
2026-05-28 22:37:25,912{GMT}	INFO	[jepsen worker 0] jepsen.util: 0	:invoke	:read	nil
2026-05-28 22:37:25,913{GMT}	INFO	[jepsen worker 0] jepsen.util: 0	:ok	:read	[0 1 2 3 4 5 6 7 8 9 10 11 12 13 14 15 16 17]
2026-05-28 22:37:26,262{GMT}	INFO	[jepsen worker 0] jepsen.util: 0	:invoke	:broadcast	18
2026-05-28 22:37:26,264{GMT}	INFO	[jepsen worker 0] jepsen.util: 0	:ok	:broadcast	18
2026-05-28 22:37:26,284{GMT}	INFO	[jepsen worker 1] jepsen.util: 1	:invoke	:read	nil
2026-05-28 22:37:26,286{GMT}	INFO	[jepsen worker 1] jepsen.util: 1	:ok	:read	[0 1 2 3 4 5 6 7 8 9 10 11 12 13 14 15 16 17 18]
2026-05-28 22:37:26,341{GMT}	INFO	[jepsen worker 2] jepsen.util: 2	:invoke	:read	nil
2026-05-28 22:37:26,343{GMT}	INFO	[jepsen worker 2] jepsen.util: 2	:ok	:read	[0 1 2 3 4 5 6 7 8 9 10 11 12 13 14 15 16 17 18]
2026-05-28 22:37:26,678{GMT}	INFO	[jepsen worker 0] jepsen.util: 0	:invoke	:read	nil
2026-05-28 22:37:26,681{GMT}	INFO	[jepsen worker 0] jepsen.util: 0	:ok	:read	[0 1 2 3 4 5 6 7 8 9 10 11 12 13 14 15 16 17 18]
2026-05-28 22:37:26,724{GMT}	INFO	[jepsen worker 0] jepsen.util: 0	:invoke	:broadcast	19
2026-05-28 22:37:26,727{GMT}	INFO	[jepsen worker 0] jepsen.util: 0	:ok	:broadcast	19
2026-05-28 22:37:26,947{GMT}	INFO	[jepsen worker 1] jepsen.util: 1	:invoke	:broadcast	20
2026-05-28 22:37:26,949{GMT}	INFO	[jepsen worker 1] jepsen.util: 1	:ok	:broadcast	20
2026-05-28 22:37:27,347{GMT}	INFO	[jepsen worker 2] jepsen.util: 2	:invoke	:broadcast	21
2026-05-28 22:37:27,349{GMT}	INFO	[jepsen worker 2] jepsen.util: 2	:ok	:broadcast	21
2026-05-28 22:37:27,386{GMT}	INFO	[jepsen worker 0] jepsen.util: 0	:invoke	:broadcast	22
2026-05-28 22:37:27,388{GMT}	INFO	[jepsen worker 0] jepsen.util: 0	:ok	:broadcast	22
2026-05-28 22:37:27,621{GMT}	INFO	[jepsen worker 0] jepsen.util: 0	:invoke	:read	nil
2026-05-28 22:37:27,623{GMT}	INFO	[jepsen worker 0] jepsen.util: 0	:ok	:read	[0 1 2 3 4 5 6 7 8 9 10 11 12 13 14 15 16 17 18 19 20 21 22]
2026-05-28 22:37:27,965{GMT}	INFO	[jepsen worker 1] jepsen.util: 1	:invoke	:broadcast	23
2026-05-28 22:37:27,967{GMT}	INFO	[jepsen worker 1] jepsen.util: 1	:ok	:broadcast	23
2026-05-28 22:37:27,967{GMT}	INFO	[jepsen worker 2] jepsen.generator.interpreter: Waiting for recovery...
2026-05-28 22:37:37,971{GMT}	INFO	[jepsen worker 1] jepsen.util: 1	:invoke	:read	nil
2026-05-28 22:37:37,971{GMT}	INFO	[jepsen worker 2] jepsen.util: 2	:invoke	:read	nil
2026-05-28 22:37:37,971{GMT}	INFO	[jepsen worker 0] jepsen.util: 0	:invoke	:read	nil
2026-05-28 22:37:37,974{GMT}	INFO	[jepsen worker 0] jepsen.util: 0	:ok	:read	[0 1 2 3 4 5 6 7 8 9 10 11 12 13 14 15 16 17 18 19 20 21 22 23]
2026-05-28 22:37:37,974{GMT}	INFO	[jepsen worker 1] jepsen.util: 1	:ok	:read	[0 1 2 3 4 5 6 7 8 9 10 11 12 13 14 15 16 17 18 19 20 21 22 23]
2026-05-28 22:37:37,974{GMT}	INFO	[jepsen worker 2] jepsen.util: 2	:ok	:read	[0 1 2 3 4 5 6 7 8 9 10 11 12 13 14 15 16 17 18 19 20 21 22 23]
2026-05-28 22:37:37,998{GMT}	INFO	[jepsen test runner] jepsen.core: Run complete, writing
2026-05-28 22:37:38,044{GMT}	INFO	[jepsen node n1] maelstrom.db: Tearing down n1
2026-05-28 22:37:38,044{GMT}	INFO	[jepsen node n0] maelstrom.db: Tearing down n0
2026-05-28 22:37:38,045{GMT}	INFO	[jepsen node n2] maelstrom.db: Tearing down n2
