2026-05-28 22:23:46,522{GMT}	INFO	[jepsen test runner] jepsen.core: Test version 67fea5da5f074150ddf98f21a7751e36dcd1743c (plus uncommitted changes)
2026-05-28 22:23:46,523{GMT}	INFO	[jepsen test runner] jepsen.core: Command line:
lein run test -w echo --bin ./run.sh --node-count 1 --time-limit 10
2026-05-28 22:23:46,572{GMT}	INFO	[jepsen test runner] jepsen.core: Running test:
{:args []
 :remote
 #jepsen.control.retry.Remote{:remote #jepsen.control.scp.Remote{:cmd-remote #jepsen.control.sshj.SSHJRemote{:concurrency-limit 6,
                                                                                                             :conn-spec nil,
                                                                                                             :client nil,
                                                                                                             :semaphore nil},
                                                                 :conn-spec nil},
                              :conn nil}
 :log-net-send false
 :node-count 1
 :availability nil
 :max-txn-length 4
 :concurrency 1
 :db
 #object[maelstrom.db$db$reify__16142
         "0x453ca7f"
         "maelstrom.db$db$reify__16142@453ca7f"]
 :max-writes-per-key 16
 :leave-db-running? false
 :name "echo"
 :logging-json? false
 :start-time
 #object[org.joda.time.DateTime "0x292237cd" "2026-05-28T22:23:46.497+03:00"]
 :nemesis-interval 10
 :net
 #object[maelstrom.net$jepsen_net$reify__15251
         "0x797a5b31"
         "maelstrom.net$jepsen_net$reify__15251@797a5b31"]
 :client
 #object[maelstrom.workload.echo$client$reify__16863
         "0x13d7d1a8"
         "maelstrom.workload.echo$client$reify__16863@13d7d1a8"]
 :barrier
 #object[java.util.concurrent.CyclicBarrier
         "0x60035f1e"
         "java.util.concurrent.CyclicBarrier@60035f1e"]
 :log-stderr false
 :pure-generators true
 :ssh {:dummy? true}
 :rate 5
 :checker
 #object[jepsen.checker$compose$reify__11881
         "0x5827908c"
         "jepsen.checker$compose$reify__11881@5827908c"]
 :argv
 ("test" "-w" "echo" "--bin" "./run.sh" "--node-count" "1" "--time-limit" "10")
 :nemesis
 (jepsen.nemesis.ReflCompose
  {:fm {:start-partition 0,
        :stop-partition 0,
        :kill 1,
        :start 1,
        :pause 1,
        :resume 1},
   :nemeses [#unprintable "jepsen.nemesis.combined$partition_nemesis$reify__16416@732ffb6a"
             #unprintable "jepsen.nemesis.combined$db_nemesis$reify__16397@5ed83e36"]})
 :nodes ["n0"]
 :test-count 1
 :latency {:mean 0, :dist :constant}
 :bin "./run.sh"
 :generator
 (jepsen.generator.TimeLimit
  {:limit 10000000000,
   :cutoff nil,
   :gen (jepsen.generator.Any
         {:gens [(jepsen.generator.OnThreads
                  {:f #{:nemesis},
                   :context-filter #object[jepsen.generator.context$make_thread_filter$lazy_filter__9167
                                           "0x16441c13"
                                           "jepsen.generator.context$make_thread_filter$lazy_filter__9167@16441c13"],
                   :gen nil})
                 (jepsen.generator.OnThreads
                  {:f #jepsen.generator.context.AllBut{:element :nemesis},
                   :context-filter #object[jepsen.generator.context$make_thread_filter$lazy_filter__9167
                                           "0x6d3b59e2"
                                           "jepsen.generator.context$make_thread_filter$lazy_filter__9167@6d3b59e2"],
                   :gen (jepsen.generator.Stagger
                         {:dt 400000000,
                          :next-time nil,
                          :gen (jepsen.generator.EachThread
                                {:fresh-gen #object[maelstrom.workload.echo$workload$fn__16882
                                                    "0x164dfad2"
                                                    "maelstrom.workload.echo$workload$fn__16882@164dfad2"],
                                 :context-filters #object[clojure.core$promise$reify__8591
                                                          "0x76480730"
                                                          {:status :pending,
                                                           :val nil}],
                                 :gens {}})})})]})})
 :log-net-recv false
 :os
 #object[maelstrom.net$jepsen_os$reify__15254
         "0x405a296e"
         "maelstrom.net$jepsen_os$reify__15254@405a296e"]
 :time-limit 10
 :workload :echo
 :consistency-models [:strict-serializable]
 :topology :grid}

2026-05-28 22:23:48,258{GMT}	INFO	[jepsen node n0] maelstrom.net: Starting Maelstrom network
2026-05-28 22:23:48,260{GMT}	INFO	[jepsen test runner] jepsen.db: Tearing down DB
2026-05-28 22:23:48,262{GMT}	INFO	[jepsen test runner] jepsen.db: Setting up DB
2026-05-28 22:23:48,265{GMT}	INFO	[jepsen node n0] maelstrom.service: Starting services: (lin-kv lin-tso lww-kv seq-kv)
2026-05-28 22:23:48,267{GMT}	INFO	[jepsen node n0] maelstrom.db: Setting up n0
2026-05-28 22:23:48,268{GMT}	INFO	[jepsen node n0] maelstrom.process: launching ./run.sh []
2026-05-28 22:23:48,340{GMT}	INFO	[jepsen test runner] jepsen.core: Relative time begins now
2026-05-28 22:23:48,353{GMT}	INFO	[jepsen worker 0] jepsen.util: 0	:invoke	:echo	"Please echo 118"
2026-05-28 22:23:48,360{GMT}	INFO	[jepsen worker 0] jepsen.util: 0	:ok	:echo	{:echo "Please echo 118", :type "echo_ok", :msg_id 1, :in_reply_to 1}
2026-05-28 22:23:48,555{GMT}	INFO	[jepsen worker 0] jepsen.util: 0	:invoke	:echo	"Please echo 89"
2026-05-28 22:23:48,557{GMT}	INFO	[jepsen worker 0] jepsen.util: 0	:ok	:echo	{:echo "Please echo 89", :type "echo_ok", :msg_id 2, :in_reply_to 2}
2026-05-28 22:23:48,863{GMT}	INFO	[jepsen worker 0] jepsen.util: 0	:invoke	:echo	"Please echo 110"
2026-05-28 22:23:48,865{GMT}	INFO	[jepsen worker 0] jepsen.util: 0	:ok	:echo	{:echo "Please echo 110", :type "echo_ok", :msg_id 3, :in_reply_to 3}
2026-05-28 22:23:48,873{GMT}	INFO	[jepsen worker 0] jepsen.util: 0	:invoke	:echo	"Please echo 37"
2026-05-28 22:23:48,876{GMT}	INFO	[jepsen worker 0] jepsen.util: 0	:ok	:echo	{:echo "Please echo 37", :type "echo_ok", :msg_id 4, :in_reply_to 4}
2026-05-28 22:23:49,253{GMT}	INFO	[jepsen worker 0] jepsen.util: 0	:invoke	:echo	"Please echo 57"
2026-05-28 22:23:49,255{GMT}	INFO	[jepsen worker 0] jepsen.util: 0	:ok	:echo	{:echo "Please echo 57", :type "echo_ok", :msg_id 5, :in_reply_to 5}
2026-05-28 22:23:49,477{GMT}	INFO	[jepsen worker 0] jepsen.util: 0	:invoke	:echo	"Please echo 43"
2026-05-28 22:23:49,479{GMT}	INFO	[jepsen worker 0] jepsen.util: 0	:ok	:echo	{:echo "Please echo 43", :type "echo_ok", :msg_id 6, :in_reply_to 6}
2026-05-28 22:23:49,563{GMT}	INFO	[jepsen worker 0] jepsen.util: 0	:invoke	:echo	"Please echo 54"
2026-05-28 22:23:49,566{GMT}	INFO	[jepsen worker 0] jepsen.util: 0	:ok	:echo	{:echo "Please echo 54", :type "echo_ok", :msg_id 7, :in_reply_to 7}
2026-05-28 22:23:49,822{GMT}	INFO	[jepsen worker 0] jepsen.util: 0	:invoke	:echo	"Please echo 64"
2026-05-28 22:23:49,824{GMT}	INFO	[jepsen worker 0] jepsen.util: 0	:ok	:echo	{:echo "Please echo 64", :type "echo_ok", :msg_id 8, :in_reply_to 8}
2026-05-28 22:23:49,993{GMT}	INFO	[jepsen worker 0] jepsen.util: 0	:invoke	:echo	"Please echo 55"
2026-05-28 22:23:49,995{GMT}	INFO	[jepsen worker 0] jepsen.util: 0	:ok	:echo	{:echo "Please echo 55", :type "echo_ok", :msg_id 9, :in_reply_to 9}
2026-05-28 22:23:50,263{GMT}	INFO	[jepsen worker 0] jepsen.util: 0	:invoke	:echo	"Please echo 75"
2026-05-28 22:23:50,265{GMT}	INFO	[jepsen worker 0] jepsen.util: 0	:ok	:echo	{:echo "Please echo 75", :type "echo_ok", :msg_id 10, :in_reply_to 10}
2026-05-28 22:23:50,499{GMT}	INFO	[jepsen worker 0] jepsen.util: 0	:invoke	:echo	"Please echo 22"
2026-05-28 22:23:50,501{GMT}	INFO	[jepsen worker 0] jepsen.util: 0	:ok	:echo	{:echo "Please echo 22", :type "echo_ok", :msg_id 11, :in_reply_to 11}
2026-05-28 22:23:50,804{GMT}	INFO	[jepsen worker 0] jepsen.util: 0	:invoke	:echo	"Please echo 12"
2026-05-28 22:23:50,806{GMT}	INFO	[jepsen worker 0] jepsen.util: 0	:ok	:echo	{:echo "Please echo 12", :type "echo_ok", :msg_id 12, :in_reply_to 12}
2026-05-28 22:23:50,961{GMT}	INFO	[jepsen worker 0] jepsen.util: 0	:invoke	:echo	"Please echo 32"
2026-05-28 22:23:50,963{GMT}	INFO	[jepsen worker 0] jepsen.util: 0	:ok	:echo	{:echo "Please echo 32", :type "echo_ok", :msg_id 13, :in_reply_to 13}
2026-05-28 22:23:51,032{GMT}	INFO	[jepsen worker 0] jepsen.util: 0	:invoke	:echo	"Please echo 66"
2026-05-28 22:23:51,034{GMT}	INFO	[jepsen worker 0] jepsen.util: 0	:ok	:echo	{:echo "Please echo 66", :type "echo_ok", :msg_id 14, :in_reply_to 14}
2026-05-28 22:23:51,354{GMT}	INFO	[jepsen worker 0] jepsen.util: 0	:invoke	:echo	"Please echo 101"
2026-05-28 22:23:51,356{GMT}	INFO	[jepsen worker 0] jepsen.util: 0	:ok	:echo	{:echo "Please echo 101", :type "echo_ok", :msg_id 15, :in_reply_to 15}
2026-05-28 22:23:51,437{GMT}	INFO	[jepsen worker 0] jepsen.util: 0	:invoke	:echo	"Please echo 68"
2026-05-28 22:23:51,439{GMT}	INFO	[jepsen worker 0] jepsen.util: 0	:ok	:echo	{:echo "Please echo 68", :type "echo_ok", :msg_id 16, :in_reply_to 16}
2026-05-28 22:23:51,797{GMT}	INFO	[jepsen worker 0] jepsen.util: 0	:invoke	:echo	"Please echo 121"
2026-05-28 22:23:51,799{GMT}	INFO	[jepsen worker 0] jepsen.util: 0	:ok	:echo	{:echo "Please echo 121", :type "echo_ok", :msg_id 17, :in_reply_to 17}
2026-05-28 22:23:51,824{GMT}	INFO	[jepsen worker 0] jepsen.util: 0	:invoke	:echo	"Please echo 121"
2026-05-28 22:23:51,826{GMT}	INFO	[jepsen worker 0] jepsen.util: 0	:ok	:echo	{:echo "Please echo 121", :type "echo_ok", :msg_id 18, :in_reply_to 18}
2026-05-28 22:23:51,908{GMT}	INFO	[jepsen worker 0] jepsen.util: 0	:invoke	:echo	"Please echo 64"
2026-05-28 22:23:51,910{GMT}	INFO	[jepsen worker 0] jepsen.util: 0	:ok	:echo	{:echo "Please echo 64", :type "echo_ok", :msg_id 19, :in_reply_to 19}
2026-05-28 22:23:52,209{GMT}	INFO	[jepsen worker 0] jepsen.util: 0	:invoke	:echo	"Please echo 109"
2026-05-28 22:23:52,211{GMT}	INFO	[jepsen worker 0] jepsen.util: 0	:ok	:echo	{:echo "Please echo 109", :type "echo_ok", :msg_id 20, :in_reply_to 20}
2026-05-28 22:23:52,250{GMT}	INFO	[jepsen worker 0] jepsen.util: 0	:invoke	:echo	"Please echo 1"
2026-05-28 22:23:52,252{GMT}	INFO	[jepsen worker 0] jepsen.util: 0	:ok	:echo	{:echo "Please echo 1", :type "echo_ok", :msg_id 21, :in_reply_to 21}
2026-05-28 22:23:52,423{GMT}	INFO	[jepsen worker 0] jepsen.util: 0	:invoke	:echo	"Please echo 119"
2026-05-28 22:23:52,425{GMT}	INFO	[jepsen worker 0] jepsen.util: 0	:ok	:echo	{:echo "Please echo 119", :type "echo_ok", :msg_id 22, :in_reply_to 22}
2026-05-28 22:23:52,662{GMT}	INFO	[jepsen worker 0] jepsen.util: 0	:invoke	:echo	"Please echo 81"
2026-05-28 22:23:52,664{GMT}	INFO	[jepsen worker 0] jepsen.util: 0	:ok	:echo	{:echo "Please echo 81", :type "echo_ok", :msg_id 23, :in_reply_to 23}
2026-05-28 22:23:52,712{GMT}	INFO	[jepsen worker 0] jepsen.util: 0	:invoke	:echo	"Please echo 86"
2026-05-28 22:23:52,714{GMT}	INFO	[jepsen worker 0] jepsen.util: 0	:ok	:echo	{:echo "Please echo 86", :type "echo_ok", :msg_id 24, :in_reply_to 24}
2026-05-28 22:23:52,816{GMT}	INFO	[jepsen worker 0] jepsen.util: 0	:invoke	:echo	"Please echo 59"
2026-05-28 22:23:52,818{GMT}	INFO	[jepsen worker 0] jepsen.util: 0	:ok	:echo	{:echo "Please echo 59", :type "echo_ok", :msg_id 25, :in_reply_to 25}
2026-05-28 22:23:52,869{GMT}	INFO	[jepsen worker 0] jepsen.util: 0	:invoke	:echo	"Please echo 31"
2026-05-28 22:23:52,871{GMT}	INFO	[jepsen worker 0] jepsen.util: 0	:ok	:echo	{:echo "Please echo 31", :type "echo_ok", :msg_id 26, :in_reply_to 26}
2026-05-28 22:23:53,124{GMT}	INFO	[jepsen worker 0] jepsen.util: 0	:invoke	:echo	"Please echo 21"
2026-05-28 22:23:53,127{GMT}	INFO	[jepsen worker 0] jepsen.util: 0	:ok	:echo	{:echo "Please echo 21", :type "echo_ok", :msg_id 27, :in_reply_to 27}
2026-05-28 22:23:53,440{GMT}	INFO	[jepsen worker 0] jepsen.util: 0	:invoke	:echo	"Please echo 120"
2026-05-28 22:23:53,442{GMT}	INFO	[jepsen worker 0] jepsen.util: 0	:ok	:echo	{:echo "Please echo 120", :type "echo_ok", :msg_id 28, :in_reply_to 28}
2026-05-28 22:23:53,795{GMT}	INFO	[jepsen worker 0] jepsen.util: 0	:invoke	:echo	"Please echo 3"
2026-05-28 22:23:53,797{GMT}	INFO	[jepsen worker 0] jepsen.util: 0	:ok	:echo	{:echo "Please echo 3", :type "echo_ok", :msg_id 29, :in_reply_to 29}
2026-05-28 22:23:54,034{GMT}	INFO	[jepsen worker 0] jepsen.util: 0	:invoke	:echo	"Please echo 89"
2026-05-28 22:23:54,035{GMT}	INFO	[jepsen worker 0] jepsen.util: 0	:ok	:echo	{:echo "Please echo 89", :type "echo_ok", :msg_id 30, :in_reply_to 30}
2026-05-28 22:23:54,416{GMT}	INFO	[jepsen worker 0] jepsen.util: 0	:invoke	:echo	"Please echo 98"
2026-05-28 22:23:54,418{GMT}	INFO	[jepsen worker 0] jepsen.util: 0	:ok	:echo	{:echo "Please echo 98", :type "echo_ok", :msg_id 31, :in_reply_to 31}
2026-05-28 22:23:54,447{GMT}	INFO	[jepsen worker 0] jepsen.util: 0	:invoke	:echo	"Please echo 89"
2026-05-28 22:23:54,449{GMT}	INFO	[jepsen worker 0] jepsen.util: 0	:ok	:echo	{:echo "Please echo 89", :type "echo_ok", :msg_id 32, :in_reply_to 32}
2026-05-28 22:23:54,794{GMT}	INFO	[jepsen worker 0] jepsen.util: 0	:invoke	:echo	"Please echo 52"
2026-05-28 22:23:54,796{GMT}	INFO	[jepsen worker 0] jepsen.util: 0	:ok	:echo	{:echo "Please echo 52", :type "echo_ok", :msg_id 33, :in_reply_to 33}
2026-05-28 22:23:55,170{GMT}	INFO	[jepsen worker 0] jepsen.util: 0	:invoke	:echo	"Please echo 2"
2026-05-28 22:23:55,171{GMT}	INFO	[jepsen worker 0] jepsen.util: 0	:ok	:echo	{:echo "Please echo 2", :type "echo_ok", :msg_id 34, :in_reply_to 34}
2026-05-28 22:23:55,284{GMT}	INFO	[jepsen worker 0] jepsen.util: 0	:invoke	:echo	"Please echo 122"
2026-05-28 22:23:55,286{GMT}	INFO	[jepsen worker 0] jepsen.util: 0	:ok	:echo	{:echo "Please echo 122", :type "echo_ok", :msg_id 35, :in_reply_to 35}
2026-05-28 22:23:55,445{GMT}	INFO	[jepsen worker 0] jepsen.util: 0	:invoke	:echo	"Please echo 50"
2026-05-28 22:23:55,447{GMT}	INFO	[jepsen worker 0] jepsen.util: 0	:ok	:echo	{:echo "Please echo 50", :type "echo_ok", :msg_id 36, :in_reply_to 36}
2026-05-28 22:23:55,688{GMT}	INFO	[jepsen worker 0] jepsen.util: 0	:invoke	:echo	"Please echo 16"
2026-05-28 22:23:55,690{GMT}	INFO	[jepsen worker 0] jepsen.util: 0	:ok	:echo	{:echo "Please echo 16", :type "echo_ok", :msg_id 37, :in_reply_to 37}
2026-05-28 22:23:56,003{GMT}	INFO	[jepsen worker 0] jepsen.util: 0	:invoke	:echo	"Please echo 59"
2026-05-28 22:23:56,005{GMT}	INFO	[jepsen worker 0] jepsen.util: 0	:ok	:echo	{:echo "Please echo 59", :type "echo_ok", :msg_id 38, :in_reply_to 38}
2026-05-28 22:23:56,192{GMT}	INFO	[jepsen worker 0] jepsen.util: 0	:invoke	:echo	"Please echo 51"
2026-05-28 22:23:56,193{GMT}	INFO	[jepsen worker 0] jepsen.util: 0	:ok	:echo	{:echo "Please echo 51", :type "echo_ok", :msg_id 39, :in_reply_to 39}
2026-05-28 22:23:56,428{GMT}	INFO	[jepsen worker 0] jepsen.util: 0	:invoke	:echo	"Please echo 52"
2026-05-28 22:23:56,430{GMT}	INFO	[jepsen worker 0] jepsen.util: 0	:ok	:echo	{:echo "Please echo 52", :type "echo_ok", :msg_id 40, :in_reply_to 40}
2026-05-28 22:23:56,659{GMT}	INFO	[jepsen worker 0] jepsen.util: 0	:invoke	:echo	"Please echo 34"
2026-05-28 22:23:56,660{GMT}	INFO	[jepsen worker 0] jepsen.util: 0	:ok	:echo	{:echo "Please echo 34", :type "echo_ok", :msg_id 41, :in_reply_to 41}
2026-05-28 22:23:56,845{GMT}	INFO	[jepsen worker 0] jepsen.util: 0	:invoke	:echo	"Please echo 72"
2026-05-28 22:23:56,847{GMT}	INFO	[jepsen worker 0] jepsen.util: 0	:ok	:echo	{:echo "Please echo 72", :type "echo_ok", :msg_id 42, :in_reply_to 42}
2026-05-28 22:23:56,926{GMT}	INFO	[jepsen worker 0] jepsen.util: 0	:invoke	:echo	"Please echo 49"
2026-05-28 22:23:56,928{GMT}	INFO	[jepsen worker 0] jepsen.util: 0	:ok	:echo	{:echo "Please echo 49", :type "echo_ok", :msg_id 43, :in_reply_to 43}
2026-05-28 22:23:57,182{GMT}	INFO	[jepsen worker 0] jepsen.util: 0	:invoke	:echo	"Please echo 110"
2026-05-28 22:23:57,184{GMT}	INFO	[jepsen worker 0] jepsen.util: 0	:ok	:echo	{:echo "Please echo 110", :type "echo_ok", :msg_id 44, :in_reply_to 44}
2026-05-28 22:23:57,519{GMT}	INFO	[jepsen worker 0] jepsen.util: 0	:invoke	:echo	"Please echo 10"
2026-05-28 22:23:57,521{GMT}	INFO	[jepsen worker 0] jepsen.util: 0	:ok	:echo	{:echo "Please echo 10", :type "echo_ok", :msg_id 45, :in_reply_to 45}
2026-05-28 22:23:57,687{GMT}	INFO	[jepsen worker 0] jepsen.util: 0	:invoke	:echo	"Please echo 71"
2026-05-28 22:23:57,689{GMT}	INFO	[jepsen worker 0] jepsen.util: 0	:ok	:echo	{:echo "Please echo 71", :type "echo_ok", :msg_id 46, :in_reply_to 46}
2026-05-28 22:23:58,002{GMT}	INFO	[jepsen worker 0] jepsen.util: 0	:invoke	:echo	"Please echo 10"
2026-05-28 22:23:58,004{GMT}	INFO	[jepsen worker 0] jepsen.util: 0	:ok	:echo	{:echo "Please echo 10", :type "echo_ok", :msg_id 47, :in_reply_to 47}
2026-05-28 22:23:58,156{GMT}	INFO	[jepsen worker 0] jepsen.util: 0	:invoke	:echo	"Please echo 119"
2026-05-28 22:23:58,158{GMT}	INFO	[jepsen worker 0] jepsen.util: 0	:ok	:echo	{:echo "Please echo 119", :type "echo_ok", :msg_id 48, :in_reply_to 48}
2026-05-28 22:23:58,322{GMT}	INFO	[jepsen worker 0] jepsen.util: 0	:invoke	:echo	"Please echo 67"
2026-05-28 22:23:58,324{GMT}	INFO	[jepsen worker 0] jepsen.util: 0	:ok	:echo	{:echo "Please echo 67", :type "echo_ok", :msg_id 49, :in_reply_to 49}
2026-05-28 22:23:58,346{GMT}	INFO	[jepsen test runner] jepsen.core: Run complete, writing
2026-05-28 22:23:58,381{GMT}	INFO	[jepsen node n0] maelstrom.db: Tearing down n0
